Archive member included because of file (symbol)

/Users/erikrisinger/pebble-dev/PebbleSDK-2.9/Pebble/lib/libpebble.a(tmpycZPtxpebble.o)
                              src/Metronome.c.7.o (app_event_loop)
/Users/erikrisinger/pebble-dev/PebbleSDK-2.9/arm-cs-tools/bin/../lib/gcc/arm-none-eabi/4.7.2/thumb2/libgcc.a(_arm_addsubdf3.o)
                              src/Metronome.c.7.o (__aeabi_dsub)
/Users/erikrisinger/pebble-dev/PebbleSDK-2.9/arm-cs-tools/bin/../lib/gcc/arm-none-eabi/4.7.2/thumb2/libgcc.a(_arm_muldivdf3.o)
                              src/Metronome.c.7.o (__aeabi_dmul)
/Users/erikrisinger/pebble-dev/PebbleSDK-2.9/arm-cs-tools/bin/../lib/gcc/arm-none-eabi/4.7.2/thumb2/libgcc.a(_arm_cmpdf2.o)
                              src/Metronome.c.7.o (__aeabi_dcmplt)
/Users/erikrisinger/pebble-dev/PebbleSDK-2.9/arm-cs-tools/bin/../lib/gcc/arm-none-eabi/4.7.2/thumb2/libgcc.a(_arm_fixdfsi.o)
                              src/Metronome.c.7.o (__aeabi_d2iz)
/Users/erikrisinger/pebble-dev/PebbleSDK-2.9/arm-cs-tools/bin/../lib/gcc/arm-none-eabi/4.7.2/thumb2/libgcc.a(_arm_fixunsdfsi.o)
                              src/Metronome.c.7.o (__aeabi_d2uiz)

Discarded input sections

 .text          0x0000000000000000        0x0 /Users/erikrisinger/pebble-dev/PebbleSDK-2.9/arm-cs-tools/bin/../lib/gcc/arm-none-eabi/4.7.2/thumb2/crti.o
 .bss           0x0000000000000000        0x0 /Users/erikrisinger/pebble-dev/PebbleSDK-2.9/arm-cs-tools/bin/../lib/gcc/arm-none-eabi/4.7.2/thumb2/crti.o
 .init          0x0000000000000000        0x4 /Users/erikrisinger/pebble-dev/PebbleSDK-2.9/arm-cs-tools/bin/../lib/gcc/arm-none-eabi/4.7.2/thumb2/crti.o
 .fini          0x0000000000000000        0x4 /Users/erikrisinger/pebble-dev/PebbleSDK-2.9/arm-cs-tools/bin/../lib/gcc/arm-none-eabi/4.7.2/thumb2/crti.o
 .text          0x0000000000000000       0xc8 /Users/erikrisinger/pebble-dev/PebbleSDK-2.9/arm-cs-tools/bin/../lib/gcc/arm-none-eabi/4.7.2/thumb2/crtbegin.o
 .bss           0x0000000000000000       0x1c /Users/erikrisinger/pebble-dev/PebbleSDK-2.9/arm-cs-tools/bin/../lib/gcc/arm-none-eabi/4.7.2/thumb2/crtbegin.o
 .init_array    0x0000000000000000        0x4 /Users/erikrisinger/pebble-dev/PebbleSDK-2.9/arm-cs-tools/bin/../lib/gcc/arm-none-eabi/4.7.2/thumb2/crtbegin.o
 .fini_array    0x0000000000000000        0x4 /Users/erikrisinger/pebble-dev/PebbleSDK-2.9/arm-cs-tools/bin/../lib/gcc/arm-none-eabi/4.7.2/thumb2/crtbegin.o
 .eh_frame      0x0000000000000000        0x0 /Users/erikrisinger/pebble-dev/PebbleSDK-2.9/arm-cs-tools/bin/../lib/gcc/arm-none-eabi/4.7.2/thumb2/crtbegin.o
 .jcr           0x0000000000000000        0x0 /Users/erikrisinger/pebble-dev/PebbleSDK-2.9/arm-cs-tools/bin/../lib/gcc/arm-none-eabi/4.7.2/thumb2/crtbegin.o
 .tm_clone_table
                0x0000000000000000        0x0 /Users/erikrisinger/pebble-dev/PebbleSDK-2.9/arm-cs-tools/bin/../lib/gcc/arm-none-eabi/4.7.2/thumb2/crtbegin.o
 .text          0x0000000000000000        0x0 src/Metronome.c.7.o
 .bss           0x0000000000000000        0x0 src/Metronome.c.7.o
 .text          0x0000000000000000        0x0 appinfo.auto.c.7.o
 .bss           0x0000000000000000        0x0 appinfo.auto.c.7.o
 .bss           0x0000000000000000        0x0 /Users/erikrisinger/pebble-dev/PebbleSDK-2.9/Pebble/lib/libpebble.a(tmpycZPtxpebble.o)
 .text.accel_data_service_subscribe__deprecated
                0x0000000000000000        0xc /Users/erikrisinger/pebble-dev/PebbleSDK-2.9/Pebble/lib/libpebble.a(tmpycZPtxpebble.o)
 .text.accel_data_service_unsubscribe
                0x0000000000000000        0xc /Users/erikrisinger/pebble-dev/PebbleSDK-2.9/Pebble/lib/libpebble.a(tmpycZPtxpebble.o)
 .text.accel_service_peek
                0x0000000000000000        0xc /Users/erikrisinger/pebble-dev/PebbleSDK-2.9/Pebble/lib/libpebble.a(tmpycZPtxpebble.o)
 .text.accel_service_set_samples_per_update
                0x0000000000000000        0xc /Users/erikrisinger/pebble-dev/PebbleSDK-2.9/Pebble/lib/libpebble.a(tmpycZPtxpebble.o)
 .text.accel_service_set_sampling_rate
                0x0000000000000000        0xc /Users/erikrisinger/pebble-dev/PebbleSDK-2.9/Pebble/lib/libpebble.a(tmpycZPtxpebble.o)
 .text.accel_tap_service_subscribe
                0x0000000000000000        0xc /Users/erikrisinger/pebble-dev/PebbleSDK-2.9/Pebble/lib/libpebble.a(tmpycZPtxpebble.o)
 .text.accel_tap_service_unsubscribe
                0x0000000000000000        0xc /Users/erikrisinger/pebble-dev/PebbleSDK-2.9/Pebble/lib/libpebble.a(tmpycZPtxpebble.o)
 .text.action_bar_layer_add_to_window
                0x0000000000000000        0xc /Users/erikrisinger/pebble-dev/PebbleSDK-2.9/Pebble/lib/libpebble.a(tmpycZPtxpebble.o)
 .text.action_bar_layer_clear_icon
                0x0000000000000000        0xc /Users/erikrisinger/pebble-dev/PebbleSDK-2.9/Pebble/lib/libpebble.a(tmpycZPtxpebble.o)
 .text.action_bar_layer_create
                0x0000000000000000        0xc /Users/erikrisinger/pebble-dev/PebbleSDK-2.9/Pebble/lib/libpebble.a(tmpycZPtxpebble.o)
 .text.action_bar_layer_destroy
                0x0000000000000000        0xc /Users/erikrisinger/pebble-dev/PebbleSDK-2.9/Pebble/lib/libpebble.a(tmpycZPtxpebble.o)
 .text.action_bar_layer_get_layer
                0x0000000000000000        0xc /Users/erikrisinger/pebble-dev/PebbleSDK-2.9/Pebble/lib/libpebble.a(tmpycZPtxpebble.o)
 .text.action_bar_layer_remove_from_window
                0x0000000000000000        0xc /Users/erikrisinger/pebble-dev/PebbleSDK-2.9/Pebble/lib/libpebble.a(tmpycZPtxpebble.o)
 .text.action_bar_layer_set_background_color
                0x0000000000000000        0xc /Users/erikrisinger/pebble-dev/PebbleSDK-2.9/Pebble/lib/libpebble.a(tmpycZPtxpebble.o)
 .text.action_bar_layer_set_click_config_provider
                0x0000000000000000        0xc /Users/erikrisinger/pebble-dev/PebbleSDK-2.9/Pebble/lib/libpebble.a(tmpycZPtxpebble.o)
 .text.action_bar_layer_set_context
                0x0000000000000000        0xc /Users/erikrisinger/pebble-dev/PebbleSDK-2.9/Pebble/lib/libpebble.a(tmpycZPtxpebble.o)
 .text.action_bar_layer_set_icon
                0x0000000000000000        0xc /Users/erikrisinger/pebble-dev/PebbleSDK-2.9/Pebble/lib/libpebble.a(tmpycZPtxpebble.o)
 .text.animation_create
                0x0000000000000000        0xc /Users/erikrisinger/pebble-dev/PebbleSDK-2.9/Pebble/lib/libpebble.a(tmpycZPtxpebble.o)
 .text.animation_destroy
                0x0000000000000000        0xc /Users/erikrisinger/pebble-dev/PebbleSDK-2.9/Pebble/lib/libpebble.a(tmpycZPtxpebble.o)
 .text.animation_get_context
                0x0000000000000000        0xc /Users/erikrisinger/pebble-dev/PebbleSDK-2.9/Pebble/lib/libpebble.a(tmpycZPtxpebble.o)
 .text.animation_is_scheduled
                0x0000000000000000        0xc /Users/erikrisinger/pebble-dev/PebbleSDK-2.9/Pebble/lib/libpebble.a(tmpycZPtxpebble.o)
 .text.animation_schedule
                0x0000000000000000        0xc /Users/erikrisinger/pebble-dev/PebbleSDK-2.9/Pebble/lib/libpebble.a(tmpycZPtxpebble.o)
 .text.animation_set_curve
                0x0000000000000000        0xc /Users/erikrisinger/pebble-dev/PebbleSDK-2.9/Pebble/lib/libpebble.a(tmpycZPtxpebble.o)
 .text.animation_set_delay
                0x0000000000000000        0xc /Users/erikrisinger/pebble-dev/PebbleSDK-2.9/Pebble/lib/libpebble.a(tmpycZPtxpebble.o)
 .text.animation_set_duration
                0x0000000000000000        0xc /Users/erikrisinger/pebble-dev/PebbleSDK-2.9/Pebble/lib/libpebble.a(tmpycZPtxpebble.o)
 .text.animation_set_handlers
                0x0000000000000000        0xc /Users/erikrisinger/pebble-dev/PebbleSDK-2.9/Pebble/lib/libpebble.a(tmpycZPtxpebble.o)
 .text.animation_set_implementation
                0x0000000000000000        0xc /Users/erikrisinger/pebble-dev/PebbleSDK-2.9/Pebble/lib/libpebble.a(tmpycZPtxpebble.o)
 .text.animation_unschedule
                0x0000000000000000        0xc /Users/erikrisinger/pebble-dev/PebbleSDK-2.9/Pebble/lib/libpebble.a(tmpycZPtxpebble.o)
 .text.animation_unschedule_all
                0x0000000000000000        0xc /Users/erikrisinger/pebble-dev/PebbleSDK-2.9/Pebble/lib/libpebble.a(tmpycZPtxpebble.o)
 .text.app_comm_get_sniff_interval
                0x0000000000000000        0xc /Users/erikrisinger/pebble-dev/PebbleSDK-2.9/Pebble/lib/libpebble.a(tmpycZPtxpebble.o)
 .text.app_comm_set_sniff_interval
                0x0000000000000000        0xc /Users/erikrisinger/pebble-dev/PebbleSDK-2.9/Pebble/lib/libpebble.a(tmpycZPtxpebble.o)
 .text.app_message_deregister_callbacks
                0x0000000000000000        0xc /Users/erikrisinger/pebble-dev/PebbleSDK-2.9/Pebble/lib/libpebble.a(tmpycZPtxpebble.o)
 .text.app_message_open
                0x0000000000000000        0xc /Users/erikrisinger/pebble-dev/PebbleSDK-2.9/Pebble/lib/libpebble.a(tmpycZPtxpebble.o)
 .text.app_sync_deinit
                0x0000000000000000        0xc /Users/erikrisinger/pebble-dev/PebbleSDK-2.9/Pebble/lib/libpebble.a(tmpycZPtxpebble.o)
 .text.app_sync_get
                0x0000000000000000        0xc /Users/erikrisinger/pebble-dev/PebbleSDK-2.9/Pebble/lib/libpebble.a(tmpycZPtxpebble.o)
 .text.app_sync_init
                0x0000000000000000        0xc /Users/erikrisinger/pebble-dev/PebbleSDK-2.9/Pebble/lib/libpebble.a(tmpycZPtxpebble.o)
 .text.app_sync_set
                0x0000000000000000        0xc /Users/erikrisinger/pebble-dev/PebbleSDK-2.9/Pebble/lib/libpebble.a(tmpycZPtxpebble.o)
 .text.app_timer_cancel
                0x0000000000000000        0xc /Users/erikrisinger/pebble-dev/PebbleSDK-2.9/Pebble/lib/libpebble.a(tmpycZPtxpebble.o)
 .text.app_timer_reschedule
                0x0000000000000000        0xc /Users/erikrisinger/pebble-dev/PebbleSDK-2.9/Pebble/lib/libpebble.a(tmpycZPtxpebble.o)
 .text.atan2_lookup
                0x0000000000000000        0xc /Users/erikrisinger/pebble-dev/PebbleSDK-2.9/Pebble/lib/libpebble.a(tmpycZPtxpebble.o)
 .text.atoi     0x0000000000000000        0xc /Users/erikrisinger/pebble-dev/PebbleSDK-2.9/Pebble/lib/libpebble.a(tmpycZPtxpebble.o)
 .text.atol     0x0000000000000000        0xc /Users/erikrisinger/pebble-dev/PebbleSDK-2.9/Pebble/lib/libpebble.a(tmpycZPtxpebble.o)
 .text.battery_state_service_peek
                0x0000000000000000        0xc /Users/erikrisinger/pebble-dev/PebbleSDK-2.9/Pebble/lib/libpebble.a(tmpycZPtxpebble.o)
 .text.battery_state_service_subscribe
                0x0000000000000000        0xc /Users/erikrisinger/pebble-dev/PebbleSDK-2.9/Pebble/lib/libpebble.a(tmpycZPtxpebble.o)
 .text.battery_state_service_unsubscribe
                0x0000000000000000        0xc /Users/erikrisinger/pebble-dev/PebbleSDK-2.9/Pebble/lib/libpebble.a(tmpycZPtxpebble.o)
 .text.bitmap_layer_create
                0x0000000000000000        0xc /Users/erikrisinger/pebble-dev/PebbleSDK-2.9/Pebble/lib/libpebble.a(tmpycZPtxpebble.o)
 .text.bitmap_layer_destroy
                0x0000000000000000        0xc /Users/erikrisinger/pebble-dev/PebbleSDK-2.9/Pebble/lib/libpebble.a(tmpycZPtxpebble.o)
 .text.bitmap_layer_get_layer
                0x0000000000000000        0xc /Users/erikrisinger/pebble-dev/PebbleSDK-2.9/Pebble/lib/libpebble.a(tmpycZPtxpebble.o)
 .text.bitmap_layer_set_alignment
                0x0000000000000000        0xc /Users/erikrisinger/pebble-dev/PebbleSDK-2.9/Pebble/lib/libpebble.a(tmpycZPtxpebble.o)
 .text.bitmap_layer_set_background_color
                0x0000000000000000        0xc /Users/erikrisinger/pebble-dev/PebbleSDK-2.9/Pebble/lib/libpebble.a(tmpycZPtxpebble.o)
 .text.bitmap_layer_set_bitmap
                0x0000000000000000        0xc /Users/erikrisinger/pebble-dev/PebbleSDK-2.9/Pebble/lib/libpebble.a(tmpycZPtxpebble.o)
 .text.bitmap_layer_set_compositing_mode
                0x0000000000000000        0xc /Users/erikrisinger/pebble-dev/PebbleSDK-2.9/Pebble/lib/libpebble.a(tmpycZPtxpebble.o)
 .text.bluetooth_connection_service_peek
                0x0000000000000000        0xc /Users/erikrisinger/pebble-dev/PebbleSDK-2.9/Pebble/lib/libpebble.a(tmpycZPtxpebble.o)
 .text.bluetooth_connection_service_subscribe
                0x0000000000000000        0xc /Users/erikrisinger/pebble-dev/PebbleSDK-2.9/Pebble/lib/libpebble.a(tmpycZPtxpebble.o)
 .text.bluetooth_connection_service_unsubscribe
                0x0000000000000000        0xc /Users/erikrisinger/pebble-dev/PebbleSDK-2.9/Pebble/lib/libpebble.a(tmpycZPtxpebble.o)
 .text.click_number_of_clicks_counted
                0x0000000000000000        0xc /Users/erikrisinger/pebble-dev/PebbleSDK-2.9/Pebble/lib/libpebble.a(tmpycZPtxpebble.o)
 .text.click_recognizer_get_button_id
                0x0000000000000000        0xc /Users/erikrisinger/pebble-dev/PebbleSDK-2.9/Pebble/lib/libpebble.a(tmpycZPtxpebble.o)
 .text.clock_copy_time_string
                0x0000000000000000        0xc /Users/erikrisinger/pebble-dev/PebbleSDK-2.9/Pebble/lib/libpebble.a(tmpycZPtxpebble.o)
 .text.clock_is_24h_style
                0x0000000000000000        0xc /Users/erikrisinger/pebble-dev/PebbleSDK-2.9/Pebble/lib/libpebble.a(tmpycZPtxpebble.o)
 .text.cos_lookup
                0x0000000000000000        0xc /Users/erikrisinger/pebble-dev/PebbleSDK-2.9/Pebble/lib/libpebble.a(tmpycZPtxpebble.o)
 .text.data_logging_create
                0x0000000000000000        0xc /Users/erikrisinger/pebble-dev/PebbleSDK-2.9/Pebble/lib/libpebble.a(tmpycZPtxpebble.o)
 .text.data_logging_finish
                0x0000000000000000        0xc /Users/erikrisinger/pebble-dev/PebbleSDK-2.9/Pebble/lib/libpebble.a(tmpycZPtxpebble.o)
 .text.data_logging_log
                0x0000000000000000        0xc /Users/erikrisinger/pebble-dev/PebbleSDK-2.9/Pebble/lib/libpebble.a(tmpycZPtxpebble.o)
 .text.dict_calc_buffer_size
                0x0000000000000000        0xc /Users/erikrisinger/pebble-dev/PebbleSDK-2.9/Pebble/lib/libpebble.a(tmpycZPtxpebble.o)
 .text.dict_calc_buffer_size_from_tuplets
                0x0000000000000000        0xc /Users/erikrisinger/pebble-dev/PebbleSDK-2.9/Pebble/lib/libpebble.a(tmpycZPtxpebble.o)
 .text.dict_find
                0x0000000000000000        0xc /Users/erikrisinger/pebble-dev/PebbleSDK-2.9/Pebble/lib/libpebble.a(tmpycZPtxpebble.o)
 .text.dict_merge
                0x0000000000000000        0xc /Users/erikrisinger/pebble-dev/PebbleSDK-2.9/Pebble/lib/libpebble.a(tmpycZPtxpebble.o)
 .text.dict_read_begin_from_buffer
                0x0000000000000000        0xc /Users/erikrisinger/pebble-dev/PebbleSDK-2.9/Pebble/lib/libpebble.a(tmpycZPtxpebble.o)
 .text.dict_read_first
                0x0000000000000000        0xc /Users/erikrisinger/pebble-dev/PebbleSDK-2.9/Pebble/lib/libpebble.a(tmpycZPtxpebble.o)
 .text.dict_read_next
                0x0000000000000000        0xc /Users/erikrisinger/pebble-dev/PebbleSDK-2.9/Pebble/lib/libpebble.a(tmpycZPtxpebble.o)
 .text.dict_serialize_tuplets
                0x0000000000000000        0xc /Users/erikrisinger/pebble-dev/PebbleSDK-2.9/Pebble/lib/libpebble.a(tmpycZPtxpebble.o)
 .text.dict_serialize_tuplets_to_buffer__deprecated
                0x0000000000000000        0xc /Users/erikrisinger/pebble-dev/PebbleSDK-2.9/Pebble/lib/libpebble.a(tmpycZPtxpebble.o)
 .text.dict_serialize_tuplets_to_buffer_with_iter
                0x0000000000000000        0xc /Users/erikrisinger/pebble-dev/PebbleSDK-2.9/Pebble/lib/libpebble.a(tmpycZPtxpebble.o)
 .text.dict_write_begin
                0x0000000000000000        0xc /Users/erikrisinger/pebble-dev/PebbleSDK-2.9/Pebble/lib/libpebble.a(tmpycZPtxpebble.o)
 .text.dict_write_cstring
                0x0000000000000000        0xc /Users/erikrisinger/pebble-dev/PebbleSDK-2.9/Pebble/lib/libpebble.a(tmpycZPtxpebble.o)
 .text.dict_write_data
                0x0000000000000000        0xc /Users/erikrisinger/pebble-dev/PebbleSDK-2.9/Pebble/lib/libpebble.a(tmpycZPtxpebble.o)
 .text.dict_write_end
                0x0000000000000000        0xc /Users/erikrisinger/pebble-dev/PebbleSDK-2.9/Pebble/lib/libpebble.a(tmpycZPtxpebble.o)
 .text.dict_write_int
                0x0000000000000000        0xc /Users/erikrisinger/pebble-dev/PebbleSDK-2.9/Pebble/lib/libpebble.a(tmpycZPtxpebble.o)
 .text.dict_write_int16
                0x0000000000000000        0xc /Users/erikrisinger/pebble-dev/PebbleSDK-2.9/Pebble/lib/libpebble.a(tmpycZPtxpebble.o)
 .text.dict_write_int32
                0x0000000000000000        0xc /Users/erikrisinger/pebble-dev/PebbleSDK-2.9/Pebble/lib/libpebble.a(tmpycZPtxpebble.o)
 .text.dict_write_int8
                0x0000000000000000        0xc /Users/erikrisinger/pebble-dev/PebbleSDK-2.9/Pebble/lib/libpebble.a(tmpycZPtxpebble.o)
 .text.dict_write_tuplet
                0x0000000000000000        0xc /Users/erikrisinger/pebble-dev/PebbleSDK-2.9/Pebble/lib/libpebble.a(tmpycZPtxpebble.o)
 .text.dict_write_uint16
                0x0000000000000000        0xc /Users/erikrisinger/pebble-dev/PebbleSDK-2.9/Pebble/lib/libpebble.a(tmpycZPtxpebble.o)
 .text.dict_write_uint32
                0x0000000000000000        0xc /Users/erikrisinger/pebble-dev/PebbleSDK-2.9/Pebble/lib/libpebble.a(tmpycZPtxpebble.o)
 .text.dict_write_uint8
                0x0000000000000000        0xc /Users/erikrisinger/pebble-dev/PebbleSDK-2.9/Pebble/lib/libpebble.a(tmpycZPtxpebble.o)
 .text.fonts_load_custom_font
                0x0000000000000000        0xc /Users/erikrisinger/pebble-dev/PebbleSDK-2.9/Pebble/lib/libpebble.a(tmpycZPtxpebble.o)
 .text.fonts_unload_custom_font
                0x0000000000000000        0xc /Users/erikrisinger/pebble-dev/PebbleSDK-2.9/Pebble/lib/libpebble.a(tmpycZPtxpebble.o)
 .text.free     0x0000000000000000        0xc /Users/erikrisinger/pebble-dev/PebbleSDK-2.9/Pebble/lib/libpebble.a(tmpycZPtxpebble.o)
 .text.gbitmap_create_as_sub_bitmap
                0x0000000000000000        0xc /Users/erikrisinger/pebble-dev/PebbleSDK-2.9/Pebble/lib/libpebble.a(tmpycZPtxpebble.o)
 .text.gbitmap_create_with_data
                0x0000000000000000        0xc /Users/erikrisinger/pebble-dev/PebbleSDK-2.9/Pebble/lib/libpebble.a(tmpycZPtxpebble.o)
 .text.gbitmap_create_with_resource
                0x0000000000000000        0xc /Users/erikrisinger/pebble-dev/PebbleSDK-2.9/Pebble/lib/libpebble.a(tmpycZPtxpebble.o)
 .text.gbitmap_destroy
                0x0000000000000000        0xc /Users/erikrisinger/pebble-dev/PebbleSDK-2.9/Pebble/lib/libpebble.a(tmpycZPtxpebble.o)
 .text.gmtime   0x0000000000000000        0xc /Users/erikrisinger/pebble-dev/PebbleSDK-2.9/Pebble/lib/libpebble.a(tmpycZPtxpebble.o)
 .text.gpath_create
                0x0000000000000000        0xc /Users/erikrisinger/pebble-dev/PebbleSDK-2.9/Pebble/lib/libpebble.a(tmpycZPtxpebble.o)
 .text.gpath_destroy
                0x0000000000000000        0xc /Users/erikrisinger/pebble-dev/PebbleSDK-2.9/Pebble/lib/libpebble.a(tmpycZPtxpebble.o)
 .text.gpath_draw_filled_legacy
                0x0000000000000000        0xc /Users/erikrisinger/pebble-dev/PebbleSDK-2.9/Pebble/lib/libpebble.a(tmpycZPtxpebble.o)
 .text.gpath_draw_outline
                0x0000000000000000        0xc /Users/erikrisinger/pebble-dev/PebbleSDK-2.9/Pebble/lib/libpebble.a(tmpycZPtxpebble.o)
 .text.gpath_move_to
                0x0000000000000000        0xc /Users/erikrisinger/pebble-dev/PebbleSDK-2.9/Pebble/lib/libpebble.a(tmpycZPtxpebble.o)
 .text.gpath_rotate_to
                0x0000000000000000        0xc /Users/erikrisinger/pebble-dev/PebbleSDK-2.9/Pebble/lib/libpebble.a(tmpycZPtxpebble.o)
 .text.gpoint_equal
                0x0000000000000000        0xc /Users/erikrisinger/pebble-dev/PebbleSDK-2.9/Pebble/lib/libpebble.a(tmpycZPtxpebble.o)
 .text.graphics_context_set_compositing_mode
                0x0000000000000000        0xc /Users/erikrisinger/pebble-dev/PebbleSDK-2.9/Pebble/lib/libpebble.a(tmpycZPtxpebble.o)
 .text.graphics_context_set_fill_color
                0x0000000000000000        0xc /Users/erikrisinger/pebble-dev/PebbleSDK-2.9/Pebble/lib/libpebble.a(tmpycZPtxpebble.o)
 .text.graphics_context_set_stroke_color
                0x0000000000000000        0xc /Users/erikrisinger/pebble-dev/PebbleSDK-2.9/Pebble/lib/libpebble.a(tmpycZPtxpebble.o)
 .text.graphics_context_set_text_color
                0x0000000000000000        0xc /Users/erikrisinger/pebble-dev/PebbleSDK-2.9/Pebble/lib/libpebble.a(tmpycZPtxpebble.o)
 .text.graphics_draw_bitmap_in_rect
                0x0000000000000000        0xc /Users/erikrisinger/pebble-dev/PebbleSDK-2.9/Pebble/lib/libpebble.a(tmpycZPtxpebble.o)
 .text.graphics_draw_circle
                0x0000000000000000        0xc /Users/erikrisinger/pebble-dev/PebbleSDK-2.9/Pebble/lib/libpebble.a(tmpycZPtxpebble.o)
 .text.graphics_draw_line
                0x0000000000000000        0xc /Users/erikrisinger/pebble-dev/PebbleSDK-2.9/Pebble/lib/libpebble.a(tmpycZPtxpebble.o)
 .text.graphics_draw_pixel
                0x0000000000000000        0xc /Users/erikrisinger/pebble-dev/PebbleSDK-2.9/Pebble/lib/libpebble.a(tmpycZPtxpebble.o)
 .text.graphics_draw_rect
                0x0000000000000000        0xc /Users/erikrisinger/pebble-dev/PebbleSDK-2.9/Pebble/lib/libpebble.a(tmpycZPtxpebble.o)
 .text.graphics_draw_round_rect
                0x0000000000000000        0xc /Users/erikrisinger/pebble-dev/PebbleSDK-2.9/Pebble/lib/libpebble.a(tmpycZPtxpebble.o)
 .text.graphics_fill_circle
                0x0000000000000000        0xc /Users/erikrisinger/pebble-dev/PebbleSDK-2.9/Pebble/lib/libpebble.a(tmpycZPtxpebble.o)
 .text.graphics_fill_rect
                0x0000000000000000        0xc /Users/erikrisinger/pebble-dev/PebbleSDK-2.9/Pebble/lib/libpebble.a(tmpycZPtxpebble.o)
 .text.graphics_text_layout_get_max_used_size
                0x0000000000000000        0xc /Users/erikrisinger/pebble-dev/PebbleSDK-2.9/Pebble/lib/libpebble.a(tmpycZPtxpebble.o)
 .text.grect_align
                0x0000000000000000        0xc /Users/erikrisinger/pebble-dev/PebbleSDK-2.9/Pebble/lib/libpebble.a(tmpycZPtxpebble.o)
 .text.grect_center_point
                0x0000000000000000        0xc /Users/erikrisinger/pebble-dev/PebbleSDK-2.9/Pebble/lib/libpebble.a(tmpycZPtxpebble.o)
 .text.grect_clip
                0x0000000000000000        0xc /Users/erikrisinger/pebble-dev/PebbleSDK-2.9/Pebble/lib/libpebble.a(tmpycZPtxpebble.o)
 .text.grect_contains_point
                0x0000000000000000        0xc /Users/erikrisinger/pebble-dev/PebbleSDK-2.9/Pebble/lib/libpebble.a(tmpycZPtxpebble.o)
 .text.grect_crop
                0x0000000000000000        0xc /Users/erikrisinger/pebble-dev/PebbleSDK-2.9/Pebble/lib/libpebble.a(tmpycZPtxpebble.o)
 .text.grect_equal
                0x0000000000000000        0xc /Users/erikrisinger/pebble-dev/PebbleSDK-2.9/Pebble/lib/libpebble.a(tmpycZPtxpebble.o)
 .text.grect_is_empty
                0x0000000000000000        0xc /Users/erikrisinger/pebble-dev/PebbleSDK-2.9/Pebble/lib/libpebble.a(tmpycZPtxpebble.o)
 .text.grect_standardize
                0x0000000000000000        0xc /Users/erikrisinger/pebble-dev/PebbleSDK-2.9/Pebble/lib/libpebble.a(tmpycZPtxpebble.o)
 .text.gsize_equal
                0x0000000000000000        0xc /Users/erikrisinger/pebble-dev/PebbleSDK-2.9/Pebble/lib/libpebble.a(tmpycZPtxpebble.o)
 .text.inverter_layer_create
                0x0000000000000000        0xc /Users/erikrisinger/pebble-dev/PebbleSDK-2.9/Pebble/lib/libpebble.a(tmpycZPtxpebble.o)
 .text.inverter_layer_destroy
                0x0000000000000000        0xc /Users/erikrisinger/pebble-dev/PebbleSDK-2.9/Pebble/lib/libpebble.a(tmpycZPtxpebble.o)
 .text.inverter_layer_get_layer
                0x0000000000000000        0xc /Users/erikrisinger/pebble-dev/PebbleSDK-2.9/Pebble/lib/libpebble.a(tmpycZPtxpebble.o)
 .text.layer_create
                0x0000000000000000        0xc /Users/erikrisinger/pebble-dev/PebbleSDK-2.9/Pebble/lib/libpebble.a(tmpycZPtxpebble.o)
 .text.layer_create_with_data
                0x0000000000000000        0xc /Users/erikrisinger/pebble-dev/PebbleSDK-2.9/Pebble/lib/libpebble.a(tmpycZPtxpebble.o)
 .text.layer_destroy
                0x0000000000000000        0xc /Users/erikrisinger/pebble-dev/PebbleSDK-2.9/Pebble/lib/libpebble.a(tmpycZPtxpebble.o)
 .text.layer_get_clips
                0x0000000000000000        0xc /Users/erikrisinger/pebble-dev/PebbleSDK-2.9/Pebble/lib/libpebble.a(tmpycZPtxpebble.o)
 .text.layer_get_data
                0x0000000000000000        0xc /Users/erikrisinger/pebble-dev/PebbleSDK-2.9/Pebble/lib/libpebble.a(tmpycZPtxpebble.o)
 .text.layer_get_frame
                0x0000000000000000        0xc /Users/erikrisinger/pebble-dev/PebbleSDK-2.9/Pebble/lib/libpebble.a(tmpycZPtxpebble.o)
 .text.layer_get_hidden
                0x0000000000000000        0xc /Users/erikrisinger/pebble-dev/PebbleSDK-2.9/Pebble/lib/libpebble.a(tmpycZPtxpebble.o)
 .text.layer_get_window
                0x0000000000000000        0xc /Users/erikrisinger/pebble-dev/PebbleSDK-2.9/Pebble/lib/libpebble.a(tmpycZPtxpebble.o)
 .text.layer_insert_above_sibling
                0x0000000000000000        0xc /Users/erikrisinger/pebble-dev/PebbleSDK-2.9/Pebble/lib/libpebble.a(tmpycZPtxpebble.o)
 .text.layer_insert_below_sibling
                0x0000000000000000        0xc /Users/erikrisinger/pebble-dev/PebbleSDK-2.9/Pebble/lib/libpebble.a(tmpycZPtxpebble.o)
 .text.layer_mark_dirty
                0x0000000000000000        0xc /Users/erikrisinger/pebble-dev/PebbleSDK-2.9/Pebble/lib/libpebble.a(tmpycZPtxpebble.o)
 .text.layer_remove_child_layers
                0x0000000000000000        0xc /Users/erikrisinger/pebble-dev/PebbleSDK-2.9/Pebble/lib/libpebble.a(tmpycZPtxpebble.o)
 .text.layer_remove_from_parent
                0x0000000000000000        0xc /Users/erikrisinger/pebble-dev/PebbleSDK-2.9/Pebble/lib/libpebble.a(tmpycZPtxpebble.o)
 .text.layer_set_bounds
                0x0000000000000000        0xc /Users/erikrisinger/pebble-dev/PebbleSDK-2.9/Pebble/lib/libpebble.a(tmpycZPtxpebble.o)
 .text.layer_set_clips
                0x0000000000000000        0xc /Users/erikrisinger/pebble-dev/PebbleSDK-2.9/Pebble/lib/libpebble.a(tmpycZPtxpebble.o)
 .text.layer_set_frame
                0x0000000000000000        0xc /Users/erikrisinger/pebble-dev/PebbleSDK-2.9/Pebble/lib/libpebble.a(tmpycZPtxpebble.o)
 .text.layer_set_hidden
                0x0000000000000000        0xc /Users/erikrisinger/pebble-dev/PebbleSDK-2.9/Pebble/lib/libpebble.a(tmpycZPtxpebble.o)
 .text.layer_set_update_proc
                0x0000000000000000        0xc /Users/erikrisinger/pebble-dev/PebbleSDK-2.9/Pebble/lib/libpebble.a(tmpycZPtxpebble.o)
 .text.light_enable
                0x0000000000000000        0xc /Users/erikrisinger/pebble-dev/PebbleSDK-2.9/Pebble/lib/libpebble.a(tmpycZPtxpebble.o)
 .text.light_enable_interaction
                0x0000000000000000        0xc /Users/erikrisinger/pebble-dev/PebbleSDK-2.9/Pebble/lib/libpebble.a(tmpycZPtxpebble.o)
 .text.localtime
                0x0000000000000000        0xc /Users/erikrisinger/pebble-dev/PebbleSDK-2.9/Pebble/lib/libpebble.a(tmpycZPtxpebble.o)
 .text.malloc   0x0000000000000000        0xc /Users/erikrisinger/pebble-dev/PebbleSDK-2.9/Pebble/lib/libpebble.a(tmpycZPtxpebble.o)
 .text.memcpy   0x0000000000000000        0xc /Users/erikrisinger/pebble-dev/PebbleSDK-2.9/Pebble/lib/libpebble.a(tmpycZPtxpebble.o)
 .text.memmove  0x0000000000000000        0xc /Users/erikrisinger/pebble-dev/PebbleSDK-2.9/Pebble/lib/libpebble.a(tmpycZPtxpebble.o)
 .text.menu_cell_basic_draw
                0x0000000000000000        0xc /Users/erikrisinger/pebble-dev/PebbleSDK-2.9/Pebble/lib/libpebble.a(tmpycZPtxpebble.o)
 .text.menu_cell_basic_header_draw
                0x0000000000000000        0xc /Users/erikrisinger/pebble-dev/PebbleSDK-2.9/Pebble/lib/libpebble.a(tmpycZPtxpebble.o)
 .text.menu_cell_title_draw
                0x0000000000000000        0xc /Users/erikrisinger/pebble-dev/PebbleSDK-2.9/Pebble/lib/libpebble.a(tmpycZPtxpebble.o)
 .text.menu_index_compare
                0x0000000000000000        0xc /Users/erikrisinger/pebble-dev/PebbleSDK-2.9/Pebble/lib/libpebble.a(tmpycZPtxpebble.o)
 .text.menu_layer_create
                0x0000000000000000        0xc /Users/erikrisinger/pebble-dev/PebbleSDK-2.9/Pebble/lib/libpebble.a(tmpycZPtxpebble.o)
 .text.menu_layer_destroy
                0x0000000000000000        0xc /Users/erikrisinger/pebble-dev/PebbleSDK-2.9/Pebble/lib/libpebble.a(tmpycZPtxpebble.o)
 .text.menu_layer_get_layer
                0x0000000000000000        0xc /Users/erikrisinger/pebble-dev/PebbleSDK-2.9/Pebble/lib/libpebble.a(tmpycZPtxpebble.o)
 .text.menu_layer_get_scroll_layer
                0x0000000000000000        0xc /Users/erikrisinger/pebble-dev/PebbleSDK-2.9/Pebble/lib/libpebble.a(tmpycZPtxpebble.o)
 .text.menu_layer_get_selected_index
                0x0000000000000000        0xc /Users/erikrisinger/pebble-dev/PebbleSDK-2.9/Pebble/lib/libpebble.a(tmpycZPtxpebble.o)
 .text.menu_layer_reload_data
                0x0000000000000000        0xc /Users/erikrisinger/pebble-dev/PebbleSDK-2.9/Pebble/lib/libpebble.a(tmpycZPtxpebble.o)
 .text.menu_layer_set_callbacks__deprecated
                0x0000000000000000        0xc /Users/erikrisinger/pebble-dev/PebbleSDK-2.9/Pebble/lib/libpebble.a(tmpycZPtxpebble.o)
 .text.menu_layer_set_click_config_onto_window
                0x0000000000000000        0xc /Users/erikrisinger/pebble-dev/PebbleSDK-2.9/Pebble/lib/libpebble.a(tmpycZPtxpebble.o)
 .text.menu_layer_set_selected_index
                0x0000000000000000        0xc /Users/erikrisinger/pebble-dev/PebbleSDK-2.9/Pebble/lib/libpebble.a(tmpycZPtxpebble.o)
 .text.menu_layer_set_selected_next
                0x0000000000000000        0xc /Users/erikrisinger/pebble-dev/PebbleSDK-2.9/Pebble/lib/libpebble.a(tmpycZPtxpebble.o)
 .text.number_window_create
                0x0000000000000000        0xc /Users/erikrisinger/pebble-dev/PebbleSDK-2.9/Pebble/lib/libpebble.a(tmpycZPtxpebble.o)
 .text.number_window_destroy
                0x0000000000000000        0xc /Users/erikrisinger/pebble-dev/PebbleSDK-2.9/Pebble/lib/libpebble.a(tmpycZPtxpebble.o)
 .text.number_window_get_value
                0x0000000000000000        0xc /Users/erikrisinger/pebble-dev/PebbleSDK-2.9/Pebble/lib/libpebble.a(tmpycZPtxpebble.o)
 .text.number_window_set_label
                0x0000000000000000        0xc /Users/erikrisinger/pebble-dev/PebbleSDK-2.9/Pebble/lib/libpebble.a(tmpycZPtxpebble.o)
 .text.number_window_set_max
                0x0000000000000000        0xc /Users/erikrisinger/pebble-dev/PebbleSDK-2.9/Pebble/lib/libpebble.a(tmpycZPtxpebble.o)
 .text.number_window_set_min
                0x0000000000000000        0xc /Users/erikrisinger/pebble-dev/PebbleSDK-2.9/Pebble/lib/libpebble.a(tmpycZPtxpebble.o)
 .text.number_window_set_step_size
                0x0000000000000000        0xc /Users/erikrisinger/pebble-dev/PebbleSDK-2.9/Pebble/lib/libpebble.a(tmpycZPtxpebble.o)
 .text.number_window_set_value
                0x0000000000000000        0xc /Users/erikrisinger/pebble-dev/PebbleSDK-2.9/Pebble/lib/libpebble.a(tmpycZPtxpebble.o)
 .text.persist_delete
                0x0000000000000000        0xc /Users/erikrisinger/pebble-dev/PebbleSDK-2.9/Pebble/lib/libpebble.a(tmpycZPtxpebble.o)
 .text.persist_exists
                0x0000000000000000        0xc /Users/erikrisinger/pebble-dev/PebbleSDK-2.9/Pebble/lib/libpebble.a(tmpycZPtxpebble.o)
 .text.persist_get_size
                0x0000000000000000        0xc /Users/erikrisinger/pebble-dev/PebbleSDK-2.9/Pebble/lib/libpebble.a(tmpycZPtxpebble.o)
 .text.persist_read_bool
                0x0000000000000000        0xc /Users/erikrisinger/pebble-dev/PebbleSDK-2.9/Pebble/lib/libpebble.a(tmpycZPtxpebble.o)
 .text.persist_read_data__deprecated
                0x0000000000000000        0xc /Users/erikrisinger/pebble-dev/PebbleSDK-2.9/Pebble/lib/libpebble.a(tmpycZPtxpebble.o)
 .text.persist_read_int
                0x0000000000000000        0xc /Users/erikrisinger/pebble-dev/PebbleSDK-2.9/Pebble/lib/libpebble.a(tmpycZPtxpebble.o)
 .text.persist_read_string__deprecated
                0x0000000000000000        0xc /Users/erikrisinger/pebble-dev/PebbleSDK-2.9/Pebble/lib/libpebble.a(tmpycZPtxpebble.o)
 .text.persist_write_bool
                0x0000000000000000        0xc /Users/erikrisinger/pebble-dev/PebbleSDK-2.9/Pebble/lib/libpebble.a(tmpycZPtxpebble.o)
 .text.persist_write_data__deprecated
                0x0000000000000000        0xc /Users/erikrisinger/pebble-dev/PebbleSDK-2.9/Pebble/lib/libpebble.a(tmpycZPtxpebble.o)
 .text.persist_write_int
                0x0000000000000000        0xc /Users/erikrisinger/pebble-dev/PebbleSDK-2.9/Pebble/lib/libpebble.a(tmpycZPtxpebble.o)
 .text.persist_write_string
                0x0000000000000000        0xc /Users/erikrisinger/pebble-dev/PebbleSDK-2.9/Pebble/lib/libpebble.a(tmpycZPtxpebble.o)
 .text.property_animation_create
                0x0000000000000000        0xc /Users/erikrisinger/pebble-dev/PebbleSDK-2.9/Pebble/lib/libpebble.a(tmpycZPtxpebble.o)
 .text.property_animation_create_layer_frame
                0x0000000000000000        0xc /Users/erikrisinger/pebble-dev/PebbleSDK-2.9/Pebble/lib/libpebble.a(tmpycZPtxpebble.o)
 .text.property_animation_destroy
                0x0000000000000000        0xc /Users/erikrisinger/pebble-dev/PebbleSDK-2.9/Pebble/lib/libpebble.a(tmpycZPtxpebble.o)
 .text.property_animation_update_gpoint
                0x0000000000000000        0xc /Users/erikrisinger/pebble-dev/PebbleSDK-2.9/Pebble/lib/libpebble.a(tmpycZPtxpebble.o)
 .text.property_animation_update_grect
                0x0000000000000000        0xc /Users/erikrisinger/pebble-dev/PebbleSDK-2.9/Pebble/lib/libpebble.a(tmpycZPtxpebble.o)
 .text.property_animation_update_int16
                0x0000000000000000        0xc /Users/erikrisinger/pebble-dev/PebbleSDK-2.9/Pebble/lib/libpebble.a(tmpycZPtxpebble.o)
 .text.psleep   0x0000000000000000        0xc /Users/erikrisinger/pebble-dev/PebbleSDK-2.9/Pebble/lib/libpebble.a(tmpycZPtxpebble.o)
 .text.rand     0x0000000000000000        0xc /Users/erikrisinger/pebble-dev/PebbleSDK-2.9/Pebble/lib/libpebble.a(tmpycZPtxpebble.o)
 .text.resource_get_handle
                0x0000000000000000        0xc /Users/erikrisinger/pebble-dev/PebbleSDK-2.9/Pebble/lib/libpebble.a(tmpycZPtxpebble.o)
 .text.resource_load
                0x0000000000000000        0xc /Users/erikrisinger/pebble-dev/PebbleSDK-2.9/Pebble/lib/libpebble.a(tmpycZPtxpebble.o)
 .text.resource_load_byte_range
                0x0000000000000000        0xc /Users/erikrisinger/pebble-dev/PebbleSDK-2.9/Pebble/lib/libpebble.a(tmpycZPtxpebble.o)
 .text.resource_size
                0x0000000000000000        0xc /Users/erikrisinger/pebble-dev/PebbleSDK-2.9/Pebble/lib/libpebble.a(tmpycZPtxpebble.o)
 .text.rot_bitmap_layer_create
                0x0000000000000000        0xc /Users/erikrisinger/pebble-dev/PebbleSDK-2.9/Pebble/lib/libpebble.a(tmpycZPtxpebble.o)
 .text.rot_bitmap_layer_destroy
                0x0000000000000000        0xc /Users/erikrisinger/pebble-dev/PebbleSDK-2.9/Pebble/lib/libpebble.a(tmpycZPtxpebble.o)
 .text.rot_bitmap_layer_increment_angle
                0x0000000000000000        0xc /Users/erikrisinger/pebble-dev/PebbleSDK-2.9/Pebble/lib/libpebble.a(tmpycZPtxpebble.o)
 .text.rot_bitmap_layer_set_angle
                0x0000000000000000        0xc /Users/erikrisinger/pebble-dev/PebbleSDK-2.9/Pebble/lib/libpebble.a(tmpycZPtxpebble.o)
 .text.rot_bitmap_layer_set_corner_clip_color
                0x0000000000000000        0xc /Users/erikrisinger/pebble-dev/PebbleSDK-2.9/Pebble/lib/libpebble.a(tmpycZPtxpebble.o)
 .text.rot_bitmap_set_compositing_mode
                0x0000000000000000        0xc /Users/erikrisinger/pebble-dev/PebbleSDK-2.9/Pebble/lib/libpebble.a(tmpycZPtxpebble.o)
 .text.rot_bitmap_set_src_ic
                0x0000000000000000        0xc /Users/erikrisinger/pebble-dev/PebbleSDK-2.9/Pebble/lib/libpebble.a(tmpycZPtxpebble.o)
 .text.scroll_layer_add_child
                0x0000000000000000        0xc /Users/erikrisinger/pebble-dev/PebbleSDK-2.9/Pebble/lib/libpebble.a(tmpycZPtxpebble.o)
 .text.scroll_layer_create
                0x0000000000000000        0xc /Users/erikrisinger/pebble-dev/PebbleSDK-2.9/Pebble/lib/libpebble.a(tmpycZPtxpebble.o)
 .text.scroll_layer_destroy
                0x0000000000000000        0xc /Users/erikrisinger/pebble-dev/PebbleSDK-2.9/Pebble/lib/libpebble.a(tmpycZPtxpebble.o)
 .text.scroll_layer_get_content_offset
                0x0000000000000000        0xc /Users/erikrisinger/pebble-dev/PebbleSDK-2.9/Pebble/lib/libpebble.a(tmpycZPtxpebble.o)
 .text.scroll_layer_get_content_size
                0x0000000000000000        0xc /Users/erikrisinger/pebble-dev/PebbleSDK-2.9/Pebble/lib/libpebble.a(tmpycZPtxpebble.o)
 .text.scroll_layer_get_layer
                0x0000000000000000        0xc /Users/erikrisinger/pebble-dev/PebbleSDK-2.9/Pebble/lib/libpebble.a(tmpycZPtxpebble.o)
 .text.scroll_layer_get_shadow_hidden
                0x0000000000000000        0xc /Users/erikrisinger/pebble-dev/PebbleSDK-2.9/Pebble/lib/libpebble.a(tmpycZPtxpebble.o)
 .text.scroll_layer_scroll_down_click_handler
                0x0000000000000000        0xc /Users/erikrisinger/pebble-dev/PebbleSDK-2.9/Pebble/lib/libpebble.a(tmpycZPtxpebble.o)
 .text.scroll_layer_scroll_up_click_handler
                0x0000000000000000        0xc /Users/erikrisinger/pebble-dev/PebbleSDK-2.9/Pebble/lib/libpebble.a(tmpycZPtxpebble.o)
 .text.scroll_layer_set_callbacks
                0x0000000000000000        0xc /Users/erikrisinger/pebble-dev/PebbleSDK-2.9/Pebble/lib/libpebble.a(tmpycZPtxpebble.o)
 .text.scroll_layer_set_click_config_onto_window
                0x0000000000000000        0xc /Users/erikrisinger/pebble-dev/PebbleSDK-2.9/Pebble/lib/libpebble.a(tmpycZPtxpebble.o)
 .text.scroll_layer_set_content_offset
                0x0000000000000000        0xc /Users/erikrisinger/pebble-dev/PebbleSDK-2.9/Pebble/lib/libpebble.a(tmpycZPtxpebble.o)
 .text.scroll_layer_set_content_size
                0x0000000000000000        0xc /Users/erikrisinger/pebble-dev/PebbleSDK-2.9/Pebble/lib/libpebble.a(tmpycZPtxpebble.o)
 .text.scroll_layer_set_context
                0x0000000000000000        0xc /Users/erikrisinger/pebble-dev/PebbleSDK-2.9/Pebble/lib/libpebble.a(tmpycZPtxpebble.o)
 .text.scroll_layer_set_frame
                0x0000000000000000        0xc /Users/erikrisinger/pebble-dev/PebbleSDK-2.9/Pebble/lib/libpebble.a(tmpycZPtxpebble.o)
 .text.scroll_layer_set_shadow_hidden
                0x0000000000000000        0xc /Users/erikrisinger/pebble-dev/PebbleSDK-2.9/Pebble/lib/libpebble.a(tmpycZPtxpebble.o)
 .text.simple_menu_layer_create
                0x0000000000000000        0xc /Users/erikrisinger/pebble-dev/PebbleSDK-2.9/Pebble/lib/libpebble.a(tmpycZPtxpebble.o)
 .text.simple_menu_layer_destroy
                0x0000000000000000        0xc /Users/erikrisinger/pebble-dev/PebbleSDK-2.9/Pebble/lib/libpebble.a(tmpycZPtxpebble.o)
 .text.simple_menu_layer_get_layer
                0x0000000000000000        0xc /Users/erikrisinger/pebble-dev/PebbleSDK-2.9/Pebble/lib/libpebble.a(tmpycZPtxpebble.o)
 .text.simple_menu_layer_get_selected_index
                0x0000000000000000        0xc /Users/erikrisinger/pebble-dev/PebbleSDK-2.9/Pebble/lib/libpebble.a(tmpycZPtxpebble.o)
 .text.simple_menu_layer_set_selected_index
                0x0000000000000000        0xc /Users/erikrisinger/pebble-dev/PebbleSDK-2.9/Pebble/lib/libpebble.a(tmpycZPtxpebble.o)
 .text.sin_lookup
                0x0000000000000000        0xc /Users/erikrisinger/pebble-dev/PebbleSDK-2.9/Pebble/lib/libpebble.a(tmpycZPtxpebble.o)
 .text.srand    0x0000000000000000        0xc /Users/erikrisinger/pebble-dev/PebbleSDK-2.9/Pebble/lib/libpebble.a(tmpycZPtxpebble.o)
 .text.strcat   0x0000000000000000        0xc /Users/erikrisinger/pebble-dev/PebbleSDK-2.9/Pebble/lib/libpebble.a(tmpycZPtxpebble.o)
 .text.strcmp   0x0000000000000000        0xc /Users/erikrisinger/pebble-dev/PebbleSDK-2.9/Pebble/lib/libpebble.a(tmpycZPtxpebble.o)
 .text.strcpy   0x0000000000000000        0xc /Users/erikrisinger/pebble-dev/PebbleSDK-2.9/Pebble/lib/libpebble.a(tmpycZPtxpebble.o)
 .text.strftime
                0x0000000000000000        0xc /Users/erikrisinger/pebble-dev/PebbleSDK-2.9/Pebble/lib/libpebble.a(tmpycZPtxpebble.o)
 .text.strlen   0x0000000000000000        0xc /Users/erikrisinger/pebble-dev/PebbleSDK-2.9/Pebble/lib/libpebble.a(tmpycZPtxpebble.o)
 .text.strncat  0x0000000000000000        0xc /Users/erikrisinger/pebble-dev/PebbleSDK-2.9/Pebble/lib/libpebble.a(tmpycZPtxpebble.o)
 .text.strncmp  0x0000000000000000        0xc /Users/erikrisinger/pebble-dev/PebbleSDK-2.9/Pebble/lib/libpebble.a(tmpycZPtxpebble.o)
 .text.strncpy  0x0000000000000000        0xc /Users/erikrisinger/pebble-dev/PebbleSDK-2.9/Pebble/lib/libpebble.a(tmpycZPtxpebble.o)
 .text.text_layer_get_content_size
                0x0000000000000000        0xc /Users/erikrisinger/pebble-dev/PebbleSDK-2.9/Pebble/lib/libpebble.a(tmpycZPtxpebble.o)
 .text.text_layer_get_text
                0x0000000000000000        0xc /Users/erikrisinger/pebble-dev/PebbleSDK-2.9/Pebble/lib/libpebble.a(tmpycZPtxpebble.o)
 .text.text_layer_set_background_color
                0x0000000000000000        0xc /Users/erikrisinger/pebble-dev/PebbleSDK-2.9/Pebble/lib/libpebble.a(tmpycZPtxpebble.o)
 .text.text_layer_set_overflow_mode
                0x0000000000000000        0xc /Users/erikrisinger/pebble-dev/PebbleSDK-2.9/Pebble/lib/libpebble.a(tmpycZPtxpebble.o)
 .text.text_layer_set_size
                0x0000000000000000        0xc /Users/erikrisinger/pebble-dev/PebbleSDK-2.9/Pebble/lib/libpebble.a(tmpycZPtxpebble.o)
 .text.text_layer_set_text_color
                0x0000000000000000        0xc /Users/erikrisinger/pebble-dev/PebbleSDK-2.9/Pebble/lib/libpebble.a(tmpycZPtxpebble.o)
 .text.tick_timer_service_subscribe
                0x0000000000000000        0xc /Users/erikrisinger/pebble-dev/PebbleSDK-2.9/Pebble/lib/libpebble.a(tmpycZPtxpebble.o)
 .text.tick_timer_service_unsubscribe
                0x0000000000000000        0xc /Users/erikrisinger/pebble-dev/PebbleSDK-2.9/Pebble/lib/libpebble.a(tmpycZPtxpebble.o)
 .text.time     0x0000000000000000        0xc /Users/erikrisinger/pebble-dev/PebbleSDK-2.9/Pebble/lib/libpebble.a(tmpycZPtxpebble.o)
 .text.time_ms  0x0000000000000000        0xc /Users/erikrisinger/pebble-dev/PebbleSDK-2.9/Pebble/lib/libpebble.a(tmpycZPtxpebble.o)
 .text.vibes_cancel
                0x0000000000000000        0xc /Users/erikrisinger/pebble-dev/PebbleSDK-2.9/Pebble/lib/libpebble.a(tmpycZPtxpebble.o)
 .text.vibes_double_pulse
                0x0000000000000000        0xc /Users/erikrisinger/pebble-dev/PebbleSDK-2.9/Pebble/lib/libpebble.a(tmpycZPtxpebble.o)
 .text.vibes_long_pulse
                0x0000000000000000        0xc /Users/erikrisinger/pebble-dev/PebbleSDK-2.9/Pebble/lib/libpebble.a(tmpycZPtxpebble.o)
 .text.vibes_short_pulse
                0x0000000000000000        0xc /Users/erikrisinger/pebble-dev/PebbleSDK-2.9/Pebble/lib/libpebble.a(tmpycZPtxpebble.o)
 .text.window_get_click_config_provider
                0x0000000000000000        0xc /Users/erikrisinger/pebble-dev/PebbleSDK-2.9/Pebble/lib/libpebble.a(tmpycZPtxpebble.o)
 .text.window_get_fullscreen
                0x0000000000000000        0xc /Users/erikrisinger/pebble-dev/PebbleSDK-2.9/Pebble/lib/libpebble.a(tmpycZPtxpebble.o)
 .text.window_is_loaded
                0x0000000000000000        0xc /Users/erikrisinger/pebble-dev/PebbleSDK-2.9/Pebble/lib/libpebble.a(tmpycZPtxpebble.o)
 .text.window_set_background_color
                0x0000000000000000        0xc /Users/erikrisinger/pebble-dev/PebbleSDK-2.9/Pebble/lib/libpebble.a(tmpycZPtxpebble.o)
 .text.window_set_click_config_provider_with_context
                0x0000000000000000        0xc /Users/erikrisinger/pebble-dev/PebbleSDK-2.9/Pebble/lib/libpebble.a(tmpycZPtxpebble.o)
 .text.window_set_fullscreen
                0x0000000000000000        0xc /Users/erikrisinger/pebble-dev/PebbleSDK-2.9/Pebble/lib/libpebble.a(tmpycZPtxpebble.o)
 .text.window_set_status_bar_icon
                0x0000000000000000        0xc /Users/erikrisinger/pebble-dev/PebbleSDK-2.9/Pebble/lib/libpebble.a(tmpycZPtxpebble.o)
 .text.window_stack_contains_window
                0x0000000000000000        0xc /Users/erikrisinger/pebble-dev/PebbleSDK-2.9/Pebble/lib/libpebble.a(tmpycZPtxpebble.o)
 .text.window_stack_get_top_window
                0x0000000000000000        0xc /Users/erikrisinger/pebble-dev/PebbleSDK-2.9/Pebble/lib/libpebble.a(tmpycZPtxpebble.o)
 .text.window_stack_pop
                0x0000000000000000        0xc /Users/erikrisinger/pebble-dev/PebbleSDK-2.9/Pebble/lib/libpebble.a(tmpycZPtxpebble.o)
 .text.window_stack_pop_all
                0x0000000000000000        0xc /Users/erikrisinger/pebble-dev/PebbleSDK-2.9/Pebble/lib/libpebble.a(tmpycZPtxpebble.o)
 .text.window_stack_remove
                0x0000000000000000        0xc /Users/erikrisinger/pebble-dev/PebbleSDK-2.9/Pebble/lib/libpebble.a(tmpycZPtxpebble.o)
 .text.app_focus_service_subscribe
                0x0000000000000000        0xc /Users/erikrisinger/pebble-dev/PebbleSDK-2.9/Pebble/lib/libpebble.a(tmpycZPtxpebble.o)
 .text.app_focus_service_unsubscribe
                0x0000000000000000        0xc /Users/erikrisinger/pebble-dev/PebbleSDK-2.9/Pebble/lib/libpebble.a(tmpycZPtxpebble.o)
 .text.window_get_user_data
                0x0000000000000000        0xc /Users/erikrisinger/pebble-dev/PebbleSDK-2.9/Pebble/lib/libpebble.a(tmpycZPtxpebble.o)
 .text.window_set_user_data
                0x0000000000000000        0xc /Users/erikrisinger/pebble-dev/PebbleSDK-2.9/Pebble/lib/libpebble.a(tmpycZPtxpebble.o)
 .text.app_message_get_context
                0x0000000000000000        0xc /Users/erikrisinger/pebble-dev/PebbleSDK-2.9/Pebble/lib/libpebble.a(tmpycZPtxpebble.o)
 .text.app_message_inbox_size_maximum
                0x0000000000000000        0xc /Users/erikrisinger/pebble-dev/PebbleSDK-2.9/Pebble/lib/libpebble.a(tmpycZPtxpebble.o)
 .text.app_message_outbox_begin
                0x0000000000000000        0xc /Users/erikrisinger/pebble-dev/PebbleSDK-2.9/Pebble/lib/libpebble.a(tmpycZPtxpebble.o)
 .text.app_message_outbox_send
                0x0000000000000000        0xc /Users/erikrisinger/pebble-dev/PebbleSDK-2.9/Pebble/lib/libpebble.a(tmpycZPtxpebble.o)
 .text.app_message_outbox_size_maximum
                0x0000000000000000        0xc /Users/erikrisinger/pebble-dev/PebbleSDK-2.9/Pebble/lib/libpebble.a(tmpycZPtxpebble.o)
 .text.app_message_register_inbox_dropped
                0x0000000000000000        0xc /Users/erikrisinger/pebble-dev/PebbleSDK-2.9/Pebble/lib/libpebble.a(tmpycZPtxpebble.o)
 .text.app_message_register_inbox_received
                0x0000000000000000        0xc /Users/erikrisinger/pebble-dev/PebbleSDK-2.9/Pebble/lib/libpebble.a(tmpycZPtxpebble.o)
 .text.app_message_register_outbox_failed
                0x0000000000000000        0xc /Users/erikrisinger/pebble-dev/PebbleSDK-2.9/Pebble/lib/libpebble.a(tmpycZPtxpebble.o)
 .text.app_message_register_outbox_sent
                0x0000000000000000        0xc /Users/erikrisinger/pebble-dev/PebbleSDK-2.9/Pebble/lib/libpebble.a(tmpycZPtxpebble.o)
 .text.app_message_set_context
                0x0000000000000000        0xc /Users/erikrisinger/pebble-dev/PebbleSDK-2.9/Pebble/lib/libpebble.a(tmpycZPtxpebble.o)
 .text.window_long_click_subscribe
                0x0000000000000000        0xc /Users/erikrisinger/pebble-dev/PebbleSDK-2.9/Pebble/lib/libpebble.a(tmpycZPtxpebble.o)
 .text.window_multi_click_subscribe
                0x0000000000000000        0xc /Users/erikrisinger/pebble-dev/PebbleSDK-2.9/Pebble/lib/libpebble.a(tmpycZPtxpebble.o)
 .text.window_raw_click_subscribe
                0x0000000000000000        0xc /Users/erikrisinger/pebble-dev/PebbleSDK-2.9/Pebble/lib/libpebble.a(tmpycZPtxpebble.o)
 .text.window_set_click_context
                0x0000000000000000        0xc /Users/erikrisinger/pebble-dev/PebbleSDK-2.9/Pebble/lib/libpebble.a(tmpycZPtxpebble.o)
 .text.graphics_draw_text
                0x0000000000000000        0xc /Users/erikrisinger/pebble-dev/PebbleSDK-2.9/Pebble/lib/libpebble.a(tmpycZPtxpebble.o)
 .text.dict_serialize_tuplets_to_buffer
                0x0000000000000000        0xc /Users/erikrisinger/pebble-dev/PebbleSDK-2.9/Pebble/lib/libpebble.a(tmpycZPtxpebble.o)
 .text.persist_read_data
                0x0000000000000000        0xc /Users/erikrisinger/pebble-dev/PebbleSDK-2.9/Pebble/lib/libpebble.a(tmpycZPtxpebble.o)
 .text.persist_read_string
                0x0000000000000000        0xc /Users/erikrisinger/pebble-dev/PebbleSDK-2.9/Pebble/lib/libpebble.a(tmpycZPtxpebble.o)
 .text.persist_write_data
                0x0000000000000000        0xc /Users/erikrisinger/pebble-dev/PebbleSDK-2.9/Pebble/lib/libpebble.a(tmpycZPtxpebble.o)
 .text.dict_size
                0x0000000000000000        0xc /Users/erikrisinger/pebble-dev/PebbleSDK-2.9/Pebble/lib/libpebble.a(tmpycZPtxpebble.o)
 .text.graphics_text_layout_get_content_size
                0x0000000000000000        0xc /Users/erikrisinger/pebble-dev/PebbleSDK-2.9/Pebble/lib/libpebble.a(tmpycZPtxpebble.o)
 .text.simple_menu_layer_get_menu_layer
                0x0000000000000000        0xc /Users/erikrisinger/pebble-dev/PebbleSDK-2.9/Pebble/lib/libpebble.a(tmpycZPtxpebble.o)
 .text.accel_data_service_subscribe
                0x0000000000000000        0xc /Users/erikrisinger/pebble-dev/PebbleSDK-2.9/Pebble/lib/libpebble.a(tmpycZPtxpebble.o)
 .text.calloc   0x0000000000000000        0xc /Users/erikrisinger/pebble-dev/PebbleSDK-2.9/Pebble/lib/libpebble.a(tmpycZPtxpebble.o)
 .text.bitmap_layer_get_bitmap
                0x0000000000000000        0xc /Users/erikrisinger/pebble-dev/PebbleSDK-2.9/Pebble/lib/libpebble.a(tmpycZPtxpebble.o)
 .text.menu_layer_set_callbacks
                0x0000000000000000        0xc /Users/erikrisinger/pebble-dev/PebbleSDK-2.9/Pebble/lib/libpebble.a(tmpycZPtxpebble.o)
 .text.window_get_click_config_context
                0x0000000000000000        0xc /Users/erikrisinger/pebble-dev/PebbleSDK-2.9/Pebble/lib/libpebble.a(tmpycZPtxpebble.o)
 .text.number_window_get_window
                0x0000000000000000        0xc /Users/erikrisinger/pebble-dev/PebbleSDK-2.9/Pebble/lib/libpebble.a(tmpycZPtxpebble.o)
 .text.realloc  0x0000000000000000        0xc /Users/erikrisinger/pebble-dev/PebbleSDK-2.9/Pebble/lib/libpebble.a(tmpycZPtxpebble.o)
 .text.gbitmap_create_blank
                0x0000000000000000        0xc /Users/erikrisinger/pebble-dev/PebbleSDK-2.9/Pebble/lib/libpebble.a(tmpycZPtxpebble.o)
 .text.click_recognizer_is_repeating
                0x0000000000000000        0xc /Users/erikrisinger/pebble-dev/PebbleSDK-2.9/Pebble/lib/libpebble.a(tmpycZPtxpebble.o)
 .text.accel_raw_data_service_subscribe
                0x0000000000000000        0xc /Users/erikrisinger/pebble-dev/PebbleSDK-2.9/Pebble/lib/libpebble.a(tmpycZPtxpebble.o)
 .text.app_worker_is_running
                0x0000000000000000        0xc /Users/erikrisinger/pebble-dev/PebbleSDK-2.9/Pebble/lib/libpebble.a(tmpycZPtxpebble.o)
 .text.app_worker_kill
                0x0000000000000000        0xc /Users/erikrisinger/pebble-dev/PebbleSDK-2.9/Pebble/lib/libpebble.a(tmpycZPtxpebble.o)
 .text.app_worker_launch
                0x0000000000000000        0xc /Users/erikrisinger/pebble-dev/PebbleSDK-2.9/Pebble/lib/libpebble.a(tmpycZPtxpebble.o)
 .text.app_worker_message_subscribe
                0x0000000000000000        0xc /Users/erikrisinger/pebble-dev/PebbleSDK-2.9/Pebble/lib/libpebble.a(tmpycZPtxpebble.o)
 .text.app_worker_message_unsubscribe
                0x0000000000000000        0xc /Users/erikrisinger/pebble-dev/PebbleSDK-2.9/Pebble/lib/libpebble.a(tmpycZPtxpebble.o)
 .text.app_worker_send_message
                0x0000000000000000        0xc /Users/erikrisinger/pebble-dev/PebbleSDK-2.9/Pebble/lib/libpebble.a(tmpycZPtxpebble.o)
 .text.worker_event_loop
                0x0000000000000000        0xc /Users/erikrisinger/pebble-dev/PebbleSDK-2.9/Pebble/lib/libpebble.a(tmpycZPtxpebble.o)
 .text.worker_launch_app
                0x0000000000000000        0xc /Users/erikrisinger/pebble-dev/PebbleSDK-2.9/Pebble/lib/libpebble.a(tmpycZPtxpebble.o)
 .text.heap_bytes_free
                0x0000000000000000        0xc /Users/erikrisinger/pebble-dev/PebbleSDK-2.9/Pebble/lib/libpebble.a(tmpycZPtxpebble.o)
 .text.heap_bytes_used
                0x0000000000000000        0xc /Users/erikrisinger/pebble-dev/PebbleSDK-2.9/Pebble/lib/libpebble.a(tmpycZPtxpebble.o)
 .text.compass_service_peek
                0x0000000000000000        0xc /Users/erikrisinger/pebble-dev/PebbleSDK-2.9/Pebble/lib/libpebble.a(tmpycZPtxpebble.o)
 .text.compass_service_set_heading_filter
                0x0000000000000000        0xc /Users/erikrisinger/pebble-dev/PebbleSDK-2.9/Pebble/lib/libpebble.a(tmpycZPtxpebble.o)
 .text.compass_service_subscribe
                0x0000000000000000        0xc /Users/erikrisinger/pebble-dev/PebbleSDK-2.9/Pebble/lib/libpebble.a(tmpycZPtxpebble.o)
 .text.compass_service_unsubscribe
                0x0000000000000000        0xc /Users/erikrisinger/pebble-dev/PebbleSDK-2.9/Pebble/lib/libpebble.a(tmpycZPtxpebble.o)
 .text.uuid_equal
                0x0000000000000000        0xc /Users/erikrisinger/pebble-dev/PebbleSDK-2.9/Pebble/lib/libpebble.a(tmpycZPtxpebble.o)
 .text.uuid_to_string
                0x0000000000000000        0xc /Users/erikrisinger/pebble-dev/PebbleSDK-2.9/Pebble/lib/libpebble.a(tmpycZPtxpebble.o)
 .text.gpath_draw_filled
                0x0000000000000000        0xc /Users/erikrisinger/pebble-dev/PebbleSDK-2.9/Pebble/lib/libpebble.a(tmpycZPtxpebble.o)
 .text.animation_set_custom_curve
                0x0000000000000000        0xc /Users/erikrisinger/pebble-dev/PebbleSDK-2.9/Pebble/lib/libpebble.a(tmpycZPtxpebble.o)
 .text.watch_info_get_color
                0x0000000000000000        0xc /Users/erikrisinger/pebble-dev/PebbleSDK-2.9/Pebble/lib/libpebble.a(tmpycZPtxpebble.o)
 .text.watch_info_get_firmware_version
                0x0000000000000000        0xc /Users/erikrisinger/pebble-dev/PebbleSDK-2.9/Pebble/lib/libpebble.a(tmpycZPtxpebble.o)
 .text.watch_info_get_model
                0x0000000000000000        0xc /Users/erikrisinger/pebble-dev/PebbleSDK-2.9/Pebble/lib/libpebble.a(tmpycZPtxpebble.o)
 .text.graphics_capture_frame_buffer
                0x0000000000000000        0xc /Users/erikrisinger/pebble-dev/PebbleSDK-2.9/Pebble/lib/libpebble.a(tmpycZPtxpebble.o)
 .text.graphics_frame_buffer_is_captured
                0x0000000000000000        0xc /Users/erikrisinger/pebble-dev/PebbleSDK-2.9/Pebble/lib/libpebble.a(tmpycZPtxpebble.o)
 .text.graphics_release_frame_buffer
                0x0000000000000000        0xc /Users/erikrisinger/pebble-dev/PebbleSDK-2.9/Pebble/lib/libpebble.a(tmpycZPtxpebble.o)
 .text.clock_to_timestamp
                0x0000000000000000        0xc /Users/erikrisinger/pebble-dev/PebbleSDK-2.9/Pebble/lib/libpebble.a(tmpycZPtxpebble.o)
 .text.launch_reason
                0x0000000000000000        0xc /Users/erikrisinger/pebble-dev/PebbleSDK-2.9/Pebble/lib/libpebble.a(tmpycZPtxpebble.o)
 .text.wakeup_cancel
                0x0000000000000000        0xc /Users/erikrisinger/pebble-dev/PebbleSDK-2.9/Pebble/lib/libpebble.a(tmpycZPtxpebble.o)
 .text.wakeup_cancel_all
                0x0000000000000000        0xc /Users/erikrisinger/pebble-dev/PebbleSDK-2.9/Pebble/lib/libpebble.a(tmpycZPtxpebble.o)
 .text.wakeup_get_launch_event
                0x0000000000000000        0xc /Users/erikrisinger/pebble-dev/PebbleSDK-2.9/Pebble/lib/libpebble.a(tmpycZPtxpebble.o)
 .text.wakeup_query
                0x0000000000000000        0xc /Users/erikrisinger/pebble-dev/PebbleSDK-2.9/Pebble/lib/libpebble.a(tmpycZPtxpebble.o)
 .text.wakeup_schedule
                0x0000000000000000        0xc /Users/erikrisinger/pebble-dev/PebbleSDK-2.9/Pebble/lib/libpebble.a(tmpycZPtxpebble.o)
 .text.wakeup_service_subscribe
                0x0000000000000000        0xc /Users/erikrisinger/pebble-dev/PebbleSDK-2.9/Pebble/lib/libpebble.a(tmpycZPtxpebble.o)
 .text.clock_is_timezone_set
                0x0000000000000000        0xc /Users/erikrisinger/pebble-dev/PebbleSDK-2.9/Pebble/lib/libpebble.a(tmpycZPtxpebble.o)
 .text.i18n_get_system_locale
                0x0000000000000000        0xc /Users/erikrisinger/pebble-dev/PebbleSDK-2.9/Pebble/lib/libpebble.a(tmpycZPtxpebble.o)
 .text._localeconv_r
                0x0000000000000000        0xc /Users/erikrisinger/pebble-dev/PebbleSDK-2.9/Pebble/lib/libpebble.a(tmpycZPtxpebble.o)
 .text.setlocale
                0x0000000000000000        0xc /Users/erikrisinger/pebble-dev/PebbleSDK-2.9/Pebble/lib/libpebble.a(tmpycZPtxpebble.o)
 .text.mktime   0x0000000000000000        0xc /Users/erikrisinger/pebble-dev/PebbleSDK-2.9/Pebble/lib/libpebble.a(tmpycZPtxpebble.o)
 .bss           0x0000000000000000        0x0 /Users/erikrisinger/pebble-dev/PebbleSDK-2.9/arm-cs-tools/bin/../lib/gcc/arm-none-eabi/4.7.2/thumb2/libgcc.a(_arm_addsubdf3.o)
 .bss           0x0000000000000000        0x0 /Users/erikrisinger/pebble-dev/PebbleSDK-2.9/arm-cs-tools/bin/../lib/gcc/arm-none-eabi/4.7.2/thumb2/libgcc.a(_arm_muldivdf3.o)
 .bss           0x0000000000000000        0x0 /Users/erikrisinger/pebble-dev/PebbleSDK-2.9/arm-cs-tools/bin/../lib/gcc/arm-none-eabi/4.7.2/thumb2/libgcc.a(_arm_cmpdf2.o)
 .bss           0x0000000000000000        0x0 /Users/erikrisinger/pebble-dev/PebbleSDK-2.9/arm-cs-tools/bin/../lib/gcc/arm-none-eabi/4.7.2/thumb2/libgcc.a(_arm_fixdfsi.o)
 .bss           0x0000000000000000        0x0 /Users/erikrisinger/pebble-dev/PebbleSDK-2.9/arm-cs-tools/bin/../lib/gcc/arm-none-eabi/4.7.2/thumb2/libgcc.a(_arm_fixunsdfsi.o)
 .text          0x0000000000000000        0x0 /Users/erikrisinger/pebble-dev/PebbleSDK-2.9/arm-cs-tools/bin/../lib/gcc/arm-none-eabi/4.7.2/thumb2/crtend.o
 .bss           0x0000000000000000        0x0 /Users/erikrisinger/pebble-dev/PebbleSDK-2.9/arm-cs-tools/bin/../lib/gcc/arm-none-eabi/4.7.2/thumb2/crtend.o
 .eh_frame      0x0000000000000000        0x4 /Users/erikrisinger/pebble-dev/PebbleSDK-2.9/arm-cs-tools/bin/../lib/gcc/arm-none-eabi/4.7.2/thumb2/crtend.o
 .jcr           0x0000000000000000        0x4 /Users/erikrisinger/pebble-dev/PebbleSDK-2.9/arm-cs-tools/bin/../lib/gcc/arm-none-eabi/4.7.2/thumb2/crtend.o
 .tm_clone_table
                0x0000000000000000        0x0 /Users/erikrisinger/pebble-dev/PebbleSDK-2.9/arm-cs-tools/bin/../lib/gcc/arm-none-eabi/4.7.2/thumb2/crtend.o
 .text          0x0000000000000000        0x0 /Users/erikrisinger/pebble-dev/PebbleSDK-2.9/arm-cs-tools/bin/../lib/gcc/arm-none-eabi/4.7.2/thumb2/crtn.o
 .bss           0x0000000000000000        0x0 /Users/erikrisinger/pebble-dev/PebbleSDK-2.9/arm-cs-tools/bin/../lib/gcc/arm-none-eabi/4.7.2/thumb2/crtn.o
 .init          0x0000000000000000        0x8 /Users/erikrisinger/pebble-dev/PebbleSDK-2.9/arm-cs-tools/bin/../lib/gcc/arm-none-eabi/4.7.2/thumb2/crtn.o
 .fini          0x0000000000000000        0x8 /Users/erikrisinger/pebble-dev/PebbleSDK-2.9/arm-cs-tools/bin/../lib/gcc/arm-none-eabi/4.7.2/thumb2/crtn.o

Memory Configuration

Name             Origin             Length             Attributes
APP              0x0000000000000000 0x0000000000006000 xrw
*default*        0x0000000000000000 0xffffffffffffffff

Linker script and memory map

LOAD /Users/erikrisinger/pebble-dev/PebbleSDK-2.9/arm-cs-tools/bin/../lib/gcc/arm-none-eabi/4.7.2/thumb2/crti.o
LOAD /Users/erikrisinger/pebble-dev/PebbleSDK-2.9/arm-cs-tools/bin/../lib/gcc/arm-none-eabi/4.7.2/thumb2/crtbegin.o
LOAD src/Metronome.c.7.o
LOAD appinfo.auto.c.7.o
LOAD /Users/erikrisinger/pebble-dev/PebbleSDK-2.9/Pebble/lib/libpebble.a
START GROUP
LOAD /Users/erikrisinger/pebble-dev/PebbleSDK-2.9/arm-cs-tools/bin/../lib/gcc/arm-none-eabi/4.7.2/thumb2/libgcc.a
LOAD /Users/erikrisinger/pebble-dev/PebbleSDK-2.9/arm-cs-tools/bin/../lib/gcc/arm-none-eabi/4.7.2/../../../../arm-none-eabi/lib/thumb2/libc.a
END GROUP
LOAD /Users/erikrisinger/pebble-dev/PebbleSDK-2.9/arm-cs-tools/bin/../lib/gcc/arm-none-eabi/4.7.2/thumb2/crtend.o
LOAD /Users/erikrisinger/pebble-dev/PebbleSDK-2.9/arm-cs-tools/bin/../lib/gcc/arm-none-eabi/4.7.2/thumb2/crtn.o

.header         0x0000000000000000       0x82
 *(.pbl_header)
 .pbl_header    0x0000000000000000       0x82 appinfo.auto.c.7.o
                0x0000000000000000                __pbl_app_info

.text           0x0000000000000084      0xd5f
 *(.text)
 .text          0x0000000000000084       0x14 /Users/erikrisinger/pebble-dev/PebbleSDK-2.9/Pebble/lib/libpebble.a(tmpycZPtxpebble.o)
 .text          0x0000000000000098      0x370 /Users/erikrisinger/pebble-dev/PebbleSDK-2.9/arm-cs-tools/bin/../lib/gcc/arm-none-eabi/4.7.2/thumb2/libgcc.a(_arm_addsubdf3.o)
                0x0000000000000098                __aeabi_drsub
                0x00000000000000a0                __subdf3
                0x00000000000000a0                __aeabi_dsub
                0x00000000000000a4                __aeabi_dadd
                0x00000000000000a4                __adddf3
                0x000000000000031c                __aeabi_ui2d
                0x000000000000031c                __floatunsidf
                0x000000000000033c                __floatsidf
                0x000000000000033c                __aeabi_i2d
                0x0000000000000360                __extendsfdf2
                0x0000000000000360                __aeabi_f2d
                0x000000000000039c                __aeabi_ul2d
                0x000000000000039c                __floatundidf
                0x00000000000003ac                __aeabi_l2d
                0x00000000000003ac                __floatdidf
 .text          0x0000000000000408      0x424 /Users/erikrisinger/pebble-dev/PebbleSDK-2.9/arm-cs-tools/bin/../lib/gcc/arm-none-eabi/4.7.2/thumb2/libgcc.a(_arm_muldivdf3.o)
                0x0000000000000408                __aeabi_dmul
                0x0000000000000408                __muldf3
                0x000000000000065c                __aeabi_ddiv
                0x000000000000065c                __divdf3
 .text          0x000000000000082c      0x110 /Users/erikrisinger/pebble-dev/PebbleSDK-2.9/arm-cs-tools/bin/../lib/gcc/arm-none-eabi/4.7.2/thumb2/libgcc.a(_arm_cmpdf2.o)
                0x000000000000082c                __gtdf2
                0x000000000000082c                __gedf2
                0x0000000000000834                __ltdf2
                0x0000000000000834                __ledf2
                0x000000000000083c                __eqdf2
                0x000000000000083c                __nedf2
                0x000000000000083c                __cmpdf2
                0x00000000000008b8                __aeabi_cdrcmple
                0x00000000000008c8                __aeabi_cdcmple
                0x00000000000008c8                __aeabi_cdcmpeq
                0x00000000000008d8                __aeabi_dcmpeq
                0x00000000000008ec                __aeabi_dcmplt
                0x0000000000000900                __aeabi_dcmple
                0x0000000000000914                __aeabi_dcmpge
                0x0000000000000928                __aeabi_dcmpgt
 .text          0x000000000000093c       0x50 /Users/erikrisinger/pebble-dev/PebbleSDK-2.9/arm-cs-tools/bin/../lib/gcc/arm-none-eabi/4.7.2/thumb2/libgcc.a(_arm_fixdfsi.o)
                0x000000000000093c                __fixdfsi
                0x000000000000093c                __aeabi_d2iz
 .text          0x000000000000098c       0x40 /Users/erikrisinger/pebble-dev/PebbleSDK-2.9/arm-cs-tools/bin/../lib/gcc/arm-none-eabi/4.7.2/thumb2/libgcc.a(_arm_fixunsdfsi.o)
                0x000000000000098c                __fixunsdfsi
                0x000000000000098c                __aeabi_d2uiz
 *(.text.*)
 .text.set_timer
                0x00000000000009cc       0x5c src/Metronome.c.7.o
 .text.display_bpm
                0x0000000000000a28       0x3c src/Metronome.c.7.o
 .text.down_click_handler
                0x0000000000000a64       0x3c src/Metronome.c.7.o
 .text.up_click_handler
                0x0000000000000aa0       0x3c src/Metronome.c.7.o
 .text.select_click_handler
                0x0000000000000adc       0x20 src/Metronome.c.7.o
 .text.window_unload
                0x0000000000000afc       0x10 src/Metronome.c.7.o
 .text.window_load
                0x0000000000000b0c       0x80 src/Metronome.c.7.o
 .text.click_config_provider
                0x0000000000000b8c       0x34 src/Metronome.c.7.o
 .text.timer_handler
                0x0000000000000bc0       0x34 src/Metronome.c.7.o
 .text.startup.main
                0x0000000000000bf4       0x84 src/Metronome.c.7.o
                0x0000000000000bf4                main
 .text.app_event_loop
                0x0000000000000c78        0xc /Users/erikrisinger/pebble-dev/PebbleSDK-2.9/Pebble/lib/libpebble.a(tmpycZPtxpebble.o)
                0x0000000000000c78                app_event_loop
 .text.app_log  0x0000000000000c84        0xc /Users/erikrisinger/pebble-dev/PebbleSDK-2.9/Pebble/lib/libpebble.a(tmpycZPtxpebble.o)
                0x0000000000000c84                app_log
 .text.app_timer_register
                0x0000000000000c90        0xc /Users/erikrisinger/pebble-dev/PebbleSDK-2.9/Pebble/lib/libpebble.a(tmpycZPtxpebble.o)
                0x0000000000000c90                app_timer_register
 .text.fonts_get_system_font
                0x0000000000000c9c        0xc /Users/erikrisinger/pebble-dev/PebbleSDK-2.9/Pebble/lib/libpebble.a(tmpycZPtxpebble.o)
                0x0000000000000c9c                fonts_get_system_font
 .text.layer_add_child
                0x0000000000000ca8        0xc /Users/erikrisinger/pebble-dev/PebbleSDK-2.9/Pebble/lib/libpebble.a(tmpycZPtxpebble.o)
                0x0000000000000ca8                layer_add_child
 .text.layer_get_bounds
                0x0000000000000cb4        0xc /Users/erikrisinger/pebble-dev/PebbleSDK-2.9/Pebble/lib/libpebble.a(tmpycZPtxpebble.o)
                0x0000000000000cb4                layer_get_bounds
 .text.memset   0x0000000000000cc0        0xc /Users/erikrisinger/pebble-dev/PebbleSDK-2.9/Pebble/lib/libpebble.a(tmpycZPtxpebble.o)
                0x0000000000000cc0                memset
 .text.snprintf
                0x0000000000000ccc        0xc /Users/erikrisinger/pebble-dev/PebbleSDK-2.9/Pebble/lib/libpebble.a(tmpycZPtxpebble.o)
                0x0000000000000ccc                snprintf
 .text.text_layer_create
                0x0000000000000cd8        0xc /Users/erikrisinger/pebble-dev/PebbleSDK-2.9/Pebble/lib/libpebble.a(tmpycZPtxpebble.o)
                0x0000000000000cd8                text_layer_create
 .text.text_layer_destroy
                0x0000000000000ce4        0xc /Users/erikrisinger/pebble-dev/PebbleSDK-2.9/Pebble/lib/libpebble.a(tmpycZPtxpebble.o)
                0x0000000000000ce4                text_layer_destroy
 .text.text_layer_get_layer
                0x0000000000000cf0        0xc /Users/erikrisinger/pebble-dev/PebbleSDK-2.9/Pebble/lib/libpebble.a(tmpycZPtxpebble.o)
                0x0000000000000cf0                text_layer_get_layer
 .text.text_layer_set_font
                0x0000000000000cfc        0xc /Users/erikrisinger/pebble-dev/PebbleSDK-2.9/Pebble/lib/libpebble.a(tmpycZPtxpebble.o)
                0x0000000000000cfc                text_layer_set_font
 .text.text_layer_set_text
                0x0000000000000d08        0xc /Users/erikrisinger/pebble-dev/PebbleSDK-2.9/Pebble/lib/libpebble.a(tmpycZPtxpebble.o)
                0x0000000000000d08                text_layer_set_text
 .text.text_layer_set_text_alignment
                0x0000000000000d14        0xc /Users/erikrisinger/pebble-dev/PebbleSDK-2.9/Pebble/lib/libpebble.a(tmpycZPtxpebble.o)
                0x0000000000000d14                text_layer_set_text_alignment
 .text.vibes_enqueue_custom_pattern
                0x0000000000000d20        0xc /Users/erikrisinger/pebble-dev/PebbleSDK-2.9/Pebble/lib/libpebble.a(tmpycZPtxpebble.o)
                0x0000000000000d20                vibes_enqueue_custom_pattern
 .text.window_create
                0x0000000000000d2c        0xc /Users/erikrisinger/pebble-dev/PebbleSDK-2.9/Pebble/lib/libpebble.a(tmpycZPtxpebble.o)
                0x0000000000000d2c                window_create
 .text.window_destroy
                0x0000000000000d38        0xc /Users/erikrisinger/pebble-dev/PebbleSDK-2.9/Pebble/lib/libpebble.a(tmpycZPtxpebble.o)
                0x0000000000000d38                window_destroy
 .text.window_get_root_layer
                0x0000000000000d44        0xc /Users/erikrisinger/pebble-dev/PebbleSDK-2.9/Pebble/lib/libpebble.a(tmpycZPtxpebble.o)
                0x0000000000000d44                window_get_root_layer
 .text.window_set_click_config_provider
                0x0000000000000d50        0xc /Users/erikrisinger/pebble-dev/PebbleSDK-2.9/Pebble/lib/libpebble.a(tmpycZPtxpebble.o)
                0x0000000000000d50                window_set_click_config_provider
 .text.window_set_window_handlers
                0x0000000000000d5c        0xc /Users/erikrisinger/pebble-dev/PebbleSDK-2.9/Pebble/lib/libpebble.a(tmpycZPtxpebble.o)
                0x0000000000000d5c                window_set_window_handlers
 .text.window_stack_push
                0x0000000000000d68        0xc /Users/erikrisinger/pebble-dev/PebbleSDK-2.9/Pebble/lib/libpebble.a(tmpycZPtxpebble.o)
                0x0000000000000d68                window_stack_push
 .text.window_single_click_subscribe
                0x0000000000000d74        0xc /Users/erikrisinger/pebble-dev/PebbleSDK-2.9/Pebble/lib/libpebble.a(tmpycZPtxpebble.o)
                0x0000000000000d74                window_single_click_subscribe
 .text.window_single_repeating_click_subscribe
                0x0000000000000d80        0xc /Users/erikrisinger/pebble-dev/PebbleSDK-2.9/Pebble/lib/libpebble.a(tmpycZPtxpebble.o)
                0x0000000000000d80                window_single_repeating_click_subscribe
 *(.rodata)
 *(.rodata*)
 .rodata.segments.6672
                0x0000000000000d8c        0x4 src/Metronome.c.7.o
 .rodata.str1.1
                0x0000000000000d90       0x53 src/Metronome.c.7.o

.glue_7         0x0000000000000de4        0x0
 .glue_7        0x0000000000000000        0x0 linker stubs

.glue_7t        0x0000000000000de4        0x0
 .glue_7t       0x0000000000000000        0x0 linker stubs

.vfp11_veneer   0x0000000000000de4        0x0
 .vfp11_veneer  0x0000000000000000        0x0 linker stubs

.v4_bx          0x0000000000000de4        0x0
 .v4_bx         0x0000000000000000        0x0 linker stubs

.iplt           0x0000000000000de4        0x0
 .iplt          0x0000000000000000        0x0 /Users/erikrisinger/pebble-dev/PebbleSDK-2.9/arm-cs-tools/bin/../lib/gcc/arm-none-eabi/4.7.2/thumb2/crtbegin.o

.rel.dyn        0x0000000000000de4        0x0
 .rel.iplt      0x0000000000000000        0x0 /Users/erikrisinger/pebble-dev/PebbleSDK-2.9/arm-cs-tools/bin/../lib/gcc/arm-none-eabi/4.7.2/thumb2/crtbegin.o

.data           0x0000000000000de8       0x20
 *(.data)
 .data          0x0000000000000de8        0x0 /Users/erikrisinger/pebble-dev/PebbleSDK-2.9/arm-cs-tools/bin/../lib/gcc/arm-none-eabi/4.7.2/thumb2/crti.o
 .data          0x0000000000000de8        0x4 /Users/erikrisinger/pebble-dev/PebbleSDK-2.9/arm-cs-tools/bin/../lib/gcc/arm-none-eabi/4.7.2/thumb2/crtbegin.o
                0x0000000000000de8                __dso_handle
 .data          0x0000000000000dec        0x8 src/Metronome.c.7.o
 .data          0x0000000000000df4        0x0 appinfo.auto.c.7.o
 .data          0x0000000000000df4        0x0 /Users/erikrisinger/pebble-dev/PebbleSDK-2.9/Pebble/lib/libpebble.a(tmpycZPtxpebble.o)
 .data          0x0000000000000df4        0x0 /Users/erikrisinger/pebble-dev/PebbleSDK-2.9/arm-cs-tools/bin/../lib/gcc/arm-none-eabi/4.7.2/thumb2/libgcc.a(_arm_addsubdf3.o)
 .data          0x0000000000000df4        0x0 /Users/erikrisinger/pebble-dev/PebbleSDK-2.9/arm-cs-tools/bin/../lib/gcc/arm-none-eabi/4.7.2/thumb2/libgcc.a(_arm_muldivdf3.o)
 .data          0x0000000000000df4        0x0 /Users/erikrisinger/pebble-dev/PebbleSDK-2.9/arm-cs-tools/bin/../lib/gcc/arm-none-eabi/4.7.2/thumb2/libgcc.a(_arm_cmpdf2.o)
 .data          0x0000000000000df4        0x0 /Users/erikrisinger/pebble-dev/PebbleSDK-2.9/arm-cs-tools/bin/../lib/gcc/arm-none-eabi/4.7.2/thumb2/libgcc.a(_arm_fixdfsi.o)
 .data          0x0000000000000df4        0x0 /Users/erikrisinger/pebble-dev/PebbleSDK-2.9/arm-cs-tools/bin/../lib/gcc/arm-none-eabi/4.7.2/thumb2/libgcc.a(_arm_fixunsdfsi.o)
 .data          0x0000000000000df4        0x0 /Users/erikrisinger/pebble-dev/PebbleSDK-2.9/arm-cs-tools/bin/../lib/gcc/arm-none-eabi/4.7.2/thumb2/crtend.o
 .data          0x0000000000000df4        0x0 /Users/erikrisinger/pebble-dev/PebbleSDK-2.9/arm-cs-tools/bin/../lib/gcc/arm-none-eabi/4.7.2/thumb2/crtn.o
 *(.data.*)
 *fill*         0x0000000000000df4        0x4 
 .data.duration_seconds
                0x0000000000000df8        0x8 src/Metronome.c.7.o
 .data.bpm      0x0000000000000e00        0x8 src/Metronome.c.7.o

.igot.plt       0x0000000000000e08        0x0
 .igot.plt      0x0000000000000000        0x0 /Users/erikrisinger/pebble-dev/PebbleSDK-2.9/arm-cs-tools/bin/../lib/gcc/arm-none-eabi/4.7.2/thumb2/crtbegin.o

.bss            0x0000000000000e08       0x10
 *(.bss)
 *(.bss.*)
 .bss.text_layer
                0x0000000000000e08        0x4 src/Metronome.c.7.o
 .bss.running   0x0000000000000e0c        0x1 src/Metronome.c.7.o
 *fill*         0x0000000000000e0d        0x3 
 .bss.timer     0x0000000000000e10        0x4 src/Metronome.c.7.o
 .bss.window    0x0000000000000e14        0x4 src/Metronome.c.7.o

DISCARD
 libc.a(*)
 libm.a(*)
 libgcc.a(*)
 *(.eh_frame)
OUTPUT(/Users/erikrisinger/Dropbox/Coding/Pebble/Metronome/build/pebble-app.elf elf32-littlearm)

.ARM.attributes
                0x0000000000000000       0x27
 .ARM.attributes
                0x0000000000000000       0x19 /Users/erikrisinger/pebble-dev/PebbleSDK-2.9/arm-cs-tools/bin/../lib/gcc/arm-none-eabi/4.7.2/thumb2/crti.o
 .ARM.attributes
                0x0000000000000019       0x29 /Users/erikrisinger/pebble-dev/PebbleSDK-2.9/arm-cs-tools/bin/../lib/gcc/arm-none-eabi/4.7.2/thumb2/crtbegin.o
 .ARM.attributes
                0x0000000000000042       0x33 src/Metronome.c.7.o
 .ARM.attributes
                0x0000000000000075       0x33 appinfo.auto.c.7.o
 .ARM.attributes
                0x00000000000000a8       0x21 /Users/erikrisinger/pebble-dev/PebbleSDK-2.9/Pebble/lib/libpebble.a(tmpycZPtxpebble.o)
 .ARM.attributes
                0x00000000000000c9       0x19 /Users/erikrisinger/pebble-dev/PebbleSDK-2.9/arm-cs-tools/bin/../lib/gcc/arm-none-eabi/4.7.2/thumb2/libgcc.a(_arm_addsubdf3.o)
 .ARM.attributes
                0x00000000000000e2       0x19 /Users/erikrisinger/pebble-dev/PebbleSDK-2.9/arm-cs-tools/bin/../lib/gcc/arm-none-eabi/4.7.2/thumb2/libgcc.a(_arm_muldivdf3.o)
 .ARM.attributes
                0x00000000000000fb       0x19 /Users/erikrisinger/pebble-dev/PebbleSDK-2.9/arm-cs-tools/bin/../lib/gcc/arm-none-eabi/4.7.2/thumb2/libgcc.a(_arm_cmpdf2.o)
 .ARM.attributes
                0x0000000000000114       0x19 /Users/erikrisinger/pebble-dev/PebbleSDK-2.9/arm-cs-tools/bin/../lib/gcc/arm-none-eabi/4.7.2/thumb2/libgcc.a(_arm_fixdfsi.o)
 .ARM.attributes
                0x000000000000012d       0x19 /Users/erikrisinger/pebble-dev/PebbleSDK-2.9/arm-cs-tools/bin/../lib/gcc/arm-none-eabi/4.7.2/thumb2/libgcc.a(_arm_fixunsdfsi.o)
 .ARM.attributes
                0x0000000000000146       0x29 /Users/erikrisinger/pebble-dev/PebbleSDK-2.9/arm-cs-tools/bin/../lib/gcc/arm-none-eabi/4.7.2/thumb2/crtend.o
 .ARM.attributes
                0x000000000000016f       0x19 /Users/erikrisinger/pebble-dev/PebbleSDK-2.9/arm-cs-tools/bin/../lib/gcc/arm-none-eabi/4.7.2/thumb2/crtn.o

.comment        0x0000000000000000       0x4e
 .comment       0x0000000000000000       0x4e /Users/erikrisinger/pebble-dev/PebbleSDK-2.9/arm-cs-tools/bin/../lib/gcc/arm-none-eabi/4.7.2/thumb2/crtbegin.o
                                         0x4f (size before relaxing)
 .comment       0x0000000000000000       0x4f src/Metronome.c.7.o
 .comment       0x0000000000000000       0x4f appinfo.auto.c.7.o
 .comment       0x0000000000000000       0x4f /Users/erikrisinger/pebble-dev/PebbleSDK-2.9/arm-cs-tools/bin/../lib/gcc/arm-none-eabi/4.7.2/thumb2/crtend.o

.debug_info     0x0000000000000000     0x11e1
 .debug_info    0x0000000000000000      0xb42 src/Metronome.c.7.o
 .debug_info    0x0000000000000b42      0x302 appinfo.auto.c.7.o
 .debug_info    0x0000000000000e44       0xb9 /Users/erikrisinger/pebble-dev/PebbleSDK-2.9/arm-cs-tools/bin/../lib/gcc/arm-none-eabi/4.7.2/thumb2/libgcc.a(_arm_addsubdf3.o)
 .debug_info    0x0000000000000efd       0xb9 /Users/erikrisinger/pebble-dev/PebbleSDK-2.9/arm-cs-tools/bin/../lib/gcc/arm-none-eabi/4.7.2/thumb2/libgcc.a(_arm_muldivdf3.o)
 .debug_info    0x0000000000000fb6       0xb9 /Users/erikrisinger/pebble-dev/PebbleSDK-2.9/arm-cs-tools/bin/../lib/gcc/arm-none-eabi/4.7.2/thumb2/libgcc.a(_arm_cmpdf2.o)
 .debug_info    0x000000000000106f       0xb9 /Users/erikrisinger/pebble-dev/PebbleSDK-2.9/arm-cs-tools/bin/../lib/gcc/arm-none-eabi/4.7.2/thumb2/libgcc.a(_arm_fixdfsi.o)
 .debug_info    0x0000000000001128       0xb9 /Users/erikrisinger/pebble-dev/PebbleSDK-2.9/arm-cs-tools/bin/../lib/gcc/arm-none-eabi/4.7.2/thumb2/libgcc.a(_arm_fixunsdfsi.o)

.debug_abbrev   0x0000000000000000      0x400
 .debug_abbrev  0x0000000000000000      0x2fe src/Metronome.c.7.o
 .debug_abbrev  0x00000000000002fe       0x9e appinfo.auto.c.7.o
 .debug_abbrev  0x000000000000039c       0x14 /Users/erikrisinger/pebble-dev/PebbleSDK-2.9/arm-cs-tools/bin/../lib/gcc/arm-none-eabi/4.7.2/thumb2/libgcc.a(_arm_addsubdf3.o)
 .debug_abbrev  0x00000000000003b0       0x14 /Users/erikrisinger/pebble-dev/PebbleSDK-2.9/arm-cs-tools/bin/../lib/gcc/arm-none-eabi/4.7.2/thumb2/libgcc.a(_arm_muldivdf3.o)
 .debug_abbrev  0x00000000000003c4       0x14 /Users/erikrisinger/pebble-dev/PebbleSDK-2.9/arm-cs-tools/bin/../lib/gcc/arm-none-eabi/4.7.2/thumb2/libgcc.a(_arm_cmpdf2.o)
 .debug_abbrev  0x00000000000003d8       0x14 /Users/erikrisinger/pebble-dev/PebbleSDK-2.9/arm-cs-tools/bin/../lib/gcc/arm-none-eabi/4.7.2/thumb2/libgcc.a(_arm_fixdfsi.o)
 .debug_abbrev  0x00000000000003ec       0x14 /Users/erikrisinger/pebble-dev/PebbleSDK-2.9/arm-cs-tools/bin/../lib/gcc/arm-none-eabi/4.7.2/thumb2/libgcc.a(_arm_fixunsdfsi.o)

.debug_loc      0x0000000000000000      0x28b
 .debug_loc     0x0000000000000000      0x28b src/Metronome.c.7.o

.debug_aranges  0x0000000000000000      0x120
 .debug_aranges
                0x0000000000000000       0x68 src/Metronome.c.7.o
 .debug_aranges
                0x0000000000000068       0x18 appinfo.auto.c.7.o
 .debug_aranges
                0x0000000000000080       0x20 /Users/erikrisinger/pebble-dev/PebbleSDK-2.9/arm-cs-tools/bin/../lib/gcc/arm-none-eabi/4.7.2/thumb2/libgcc.a(_arm_addsubdf3.o)
 .debug_aranges
                0x00000000000000a0       0x20 /Users/erikrisinger/pebble-dev/PebbleSDK-2.9/arm-cs-tools/bin/../lib/gcc/arm-none-eabi/4.7.2/thumb2/libgcc.a(_arm_muldivdf3.o)
 .debug_aranges
                0x00000000000000c0       0x20 /Users/erikrisinger/pebble-dev/PebbleSDK-2.9/arm-cs-tools/bin/../lib/gcc/arm-none-eabi/4.7.2/thumb2/libgcc.a(_arm_cmpdf2.o)
 .debug_aranges
                0x00000000000000e0       0x20 /Users/erikrisinger/pebble-dev/PebbleSDK-2.9/arm-cs-tools/bin/../lib/gcc/arm-none-eabi/4.7.2/thumb2/libgcc.a(_arm_fixdfsi.o)
 .debug_aranges
                0x0000000000000100       0x20 /Users/erikrisinger/pebble-dev/PebbleSDK-2.9/arm-cs-tools/bin/../lib/gcc/arm-none-eabi/4.7.2/thumb2/libgcc.a(_arm_fixunsdfsi.o)

.debug_ranges   0x0000000000000000       0x70
 .debug_ranges  0x0000000000000000       0x70 src/Metronome.c.7.o

.debug_line     0x0000000000000000      0x9e8
 .debug_line    0x0000000000000000      0x27a src/Metronome.c.7.o
 .debug_line    0x000000000000027a      0x12a appinfo.auto.c.7.o
 .debug_line    0x00000000000003a4      0x20a /Users/erikrisinger/pebble-dev/PebbleSDK-2.9/arm-cs-tools/bin/../lib/gcc/arm-none-eabi/4.7.2/thumb2/libgcc.a(_arm_addsubdf3.o)
 .debug_line    0x00000000000005ae      0x226 /Users/erikrisinger/pebble-dev/PebbleSDK-2.9/arm-cs-tools/bin/../lib/gcc/arm-none-eabi/4.7.2/thumb2/libgcc.a(_arm_muldivdf3.o)
 .debug_line    0x00000000000007d4      0x10c /Users/erikrisinger/pebble-dev/PebbleSDK-2.9/arm-cs-tools/bin/../lib/gcc/arm-none-eabi/4.7.2/thumb2/libgcc.a(_arm_cmpdf2.o)
 .debug_line    0x00000000000008e0       0x86 /Users/erikrisinger/pebble-dev/PebbleSDK-2.9/arm-cs-tools/bin/../lib/gcc/arm-none-eabi/4.7.2/thumb2/libgcc.a(_arm_fixdfsi.o)
 .debug_line    0x0000000000000966       0x82 /Users/erikrisinger/pebble-dev/PebbleSDK-2.9/arm-cs-tools/bin/../lib/gcc/arm-none-eabi/4.7.2/thumb2/libgcc.a(_arm_fixunsdfsi.o)

.debug_str      0x0000000000000000      0x739
 .debug_str     0x0000000000000000      0x5b2 src/Metronome.c.7.o
                                        0x642 (size before relaxing)
 .debug_str     0x00000000000005b2      0x187 appinfo.auto.c.7.o
                                        0x27f (size before relaxing)

.debug_frame    0x0000000000000000      0x118
 .debug_frame   0x0000000000000000      0x118 src/Metronome.c.7.o
